ets Jul 29 2019 12:21:46

rst:0x1 (POWERON_RESET),boot:0x13 (SPI_FAST_FLASH_BOOT)
configsip: 0, SPIWP:0xee
clk_drv:0x00,q_drv:0x00,d_drv:0x00,cs0_drv:0x00,hd_drv:0x00,wp_drv:0x00
mode:DIO, clock div:2
load:0x3fff0030,len:7084
ho 0 tail 12 room 4
load:0x40078000,len:15584
load:0x40080400,len:4
load:0x40080404,len:3876
entry 0x4008064c
[0;32mI (31) boot: ESP-IDF v5.1.1-dirty 2nd stage bootloader[0m
[0;32mI (31) boot: compile time Jan  6 2024 11:28:05[0m
[0;32mI (31) boot: Multicore bootloader[0m
[0;32mI (36) boot: chip revision: v3.0[0m
[0;32mI (40) boot.esp32: SPI Speed      : 40MHz[0m
[0;32mI (44) boot.esp32: SPI Mode       : DIO[0m
[0;32mI (49) boot.esp32: SPI Flash Size : 2MB[0m
[0;32mI (53) boot: Enabling RNG early entropy source...[0m
[0;32mI (59) boot: Partition Table:[0m
[0;32mI (62) boot: ## Label            Usage          Type ST Offset   Length[0m
[0;32mI (70) boot:  0 nvs              WiFi data        01 02 00009000 00006000[0m
[0;32mI (77) boot:  1 phy_init         RF data          01 01 0000f000 00001000[0m
[0;32mI (85) boot:  2 factory          factory app      00 00 00010000 00100000[0m
[0;32mI (92) boot: End of partition table[0m
[0;32mI (96) esp_image: segment 0: paddr=00010020 vaddr=3f400020 size=093c8h ( 37832) map[0m
[0;32mI (118) esp_image: segment 1: paddr=000193f0 vaddr=3ffb0000 size=02150h (  8528) load[0m
[0;32mI (122) esp_image: segment 2: paddr=0001b548 vaddr=40080000 size=04ad0h ( 19152) load[0m
[0;32mI (132) esp_image: segment 3: paddr=00020020 vaddr=400d0020 size=1694ch ( 92492) map[0m
[0;32mI (166) esp_image: segment 4: paddr=00036974 vaddr=40084ad0 size=0753ch ( 30012) load[0m
[0;32mI (185) boot: Loaded app from partition at offset 0x10000[0m
[0;32mI (185) boot: Disabling RNG early entropy source...[0m
[0;32mI (197) cpu_start: Multicore app[0m
[0;32mI (197) cpu_start: Pro cpu up.[0m
[0;32mI (197) cpu_start: Starting app cpu, entry point is 0x400810e8[0m
[0;32mI (0) cpu_start: App cpu up.[0m
[0;32mI (215) cpu_start: Pro cpu start user code[0m
[0;32mI (215) cpu_start: cpu freq: 160000000 Hz[0m
[0;32mI (215) cpu_start: Application information:[0m
[0;32mI (220) cpu_start: Project name:     ds18b20_test[0m
[0;32mI (225) cpu_start: App version:      bf3cdc1-dirty[0m
[0;32mI (231) cpu_start: Compile time:     Jan  6 2024 12:29:10[0m
[0;32mI (237) cpu_start: ELF file SHA256:  863e5b67bf3eee16...[0m
[0;32mI (243) cpu_start: ESP-IDF:          v5.1.1-dirty[0m
[0;32mI (248) cpu_start: Min chip rev:     v0.0[0m
[0;32mI (253) cpu_start: Max chip rev:     v3.99 [0m
[0;32mI (257) cpu_start: Chip rev:         v3.0[0m
[0;32mI (262) heap_init: Initializing. RAM available for dynamic allocation:[0m
[0;32mI (270) heap_init: At 3FFAE6E0 len 00001920 (6 KiB): DRAM[0m
[0;32mI (275) heap_init: At 3FFB29E0 len 0002D620 (181 KiB): DRAM[0m
[0;32mI (282) heap_init: At 3FFE0440 len 00003AE0 (14 KiB): D/IRAM[0m
[0;32mI (288) heap_init: At 3FFE4350 len 0001BCB0 (111 KiB): D/IRAM[0m
[0;32mI (295) heap_init: At 4008C00C len 00013FF4 (79 KiB): IRAM[0m
[0;32mI (302) spi_flash: detected chip: generic[0m
[0;32mI (305) spi_flash: flash io: dio[0m
[0;33mW (309) spi_flash: Detected size(4096k) larger than the size in the binary image header(2048k). Using the size in the binary image header.[0m
[0;32mI (323) app_start: Starting scheduler on CPU0[0m
[0;32mI (328) app_start: Starting scheduler on CPU1[0m
[0;32mI (328) main_task: Started on CPU0[0m
[0;32mI (338) main_task: Calling app_main()[0m
[0;31mE (338) TAG: Th·ªùi gian hi·ªán t·∫°i t·∫°i Vi·ªát Nam: 01-01-1970 07:00:00
[0m
[0;31mE (1348) TAG: Th·ªùi gian hi·ªán t·∫°i t·∫°i Vi·ªát Nam: 01-01-1970 07:00:01
[0m
[0;31mE (2348) TAG: Th·ªùi gian hi·ªán t·∫°i t·∫°i Vi·ªát Nam: 01-01-1970 07:00:02
[0m
[0;31mE (3348) TAG: Th·ªùi gian hi·ªán t·∫°i t·∫°i Vi·ªát Nam: 01-01-1970 07:00:03
[0m
[0;31mE (4348) TAG: Th·ªùi gian hi·ªán t·∫°i t·∫°i Vi·ªát Nam: 01-01-1970 07:00:04
[0m
[0;31mE (5348) TAG: Th·ªùi gian hi·ªán t·∫°i t·∫°i Vi·ªát Nam: 01-01-1970 07:00:05
[0m
[0;31mE (6348) TAG: Th·ªùi gian hi·ªán t·∫°i t·∫°i Vi·ªát Nam: 01-01-1970 07:00:06
[0m
[0;31mE (7348) TAG: Th·ªùi gian hi·ªán t·∫°i t·∫°i Vi·ªát Nam: 01-01-1970 07:00:07
[0m
[0;31mE (8348) TAG: Th·ªùi gian hi·ªán t·∫°i t·∫°i Vi·ªát Nam: 01-01-1970 07:00:08
[0m
[0;31mE (9348) TAG: Th·ªùi gian hi·ªán t·∫°i t·∫°i Vi·ªát Nam: 01-01-1970 07:00:09
[0m
[0;31mE (10348) TAG: Th·ªùi gian hi·ªán t·∫°i t·∫°i Vi·ªát Nam: 01-01-1970 07:00:10
[0m
[0;31mE (11348) TAG: Th·ªùi gian hi·ªán t·∫°i t·∫°i Vi·ªát Nam: 01-01-1970 07:00:11
[0m
[0;31mE (12348) TAG: Th·ªùi gian hi·ªán t·∫°i t·∫°i Vi·ªát Nam: 01-01-1970 07:00:12
[0m
[0;31mE (13348) TAG: Th·ªùi gian hi·ªán t·∫°i t·∫°i Vi·ªát Nam: 01-01-1970 07:00:13
[0m
[0;31mE (14348) TAG: Th·ªùi gian hi·ªán t·∫°i t·∫°i Vi·ªát Nam: 01-01-1970 07:00:14
[0m
[0;31mE (15348) TAG: Th·ªùi gian hi·ªán t·∫°i t·∫°i Vi·ªát Nam: 01-01-1970 07:00:15
[0m
[0;31mE (16348) TAG: Th·ªùi gian hi·ªán t·∫°i t·∫°i Vi·ªát Nam: 01-01-1970 07:00:16
[0m
[0;31mE (17348) TAG: Th·ªùi gian hi·ªán t·∫°i t·∫°i Vi·ªát Nam: 01-01-1970 07:00:17
[0m
[0;31mE (18348) TAG: Th·ªùi gian hi·ªán t·∫°i t·∫°i Vi·ªát Nam: 01-01-1970 07:00:18
[0m
[0;31mE (19348) TAG: Th·ªùi gian hi·ªán t·∫°i t·∫°i Vi·ªát Nam: 01-01-1970 07:00:19
[0m
[0;31mE (20348) TAG: Th·ªùi gian hi·ªán t·∫°i t·∫°i Vi·ªát Nam: 01-01-1970 07:00:20
[0m
[0;31mE (21348) TAG: Th·ªùi gian hi·ªán t·∫°i t·∫°i Vi·ªát Nam: 01-01-1970 07:00:21
[0m
[0;31mE (22348) TAG: Th·ªùi gian hi·ªán t·∫°i t·∫°i Vi·ªát Nam: 01-01-1970 07:00:22
[0m
[0;31mE (23348) TAG: Th·ªùi gian hi·ªán t·∫°i t·∫°i Vi·ªát Nam: 01-01-1970 07:00:23
[0m
[0;31mE (24348) TAG: Th·ªùi gian hi·ªán t·∫°i t·∫°i Vi·ªát Nam: 01-01-1970 07:00:24
[0m
[0;31mE (25348) TAG: Th·ªùi gian hi·ªán t·∫°i t·∫°i Vi·ªát Nam: 01-01-1970 07:00:25
[0m
[0;31mE (26348) TAG: Th·ªùi gian hi·ªán t·∫°i t·∫°i Vi·ªát Nam: 01-01-1970 07:00:26
[0m
[0;31mE (27348) TAG: Th·ªùi gian hi·ªán t·∫°i t·∫°i Vi·ªát Nam: 01-01-1970 07:00:27
[0m
[0;31mE (28348) TAG: Th·ªùi gian hi·ªán t·∫°i t·∫°i Vi·ªát Nam: 01-01-1970 07:00:28
[0m
[0;31mE (29348) TAG: Th·ªùi gian hi·ªán t·∫°i t·∫°i Vi·ªát Nam: 01-01-1970 07:00:29
[0m
[0;31mE (30348) TAG: Th·ªùi gian hi·ªán t·∫°i t·∫°i Vi·ªát Nam: 01-01-1970 07:00:30
[0m
[0;31mE (31348) TAG: Th·ªùi gian hi·ªán t·∫°i t·∫°i Vi·ªát Nam: 01-01-1970 07:00:31
[0m
