ets Jun  8 2016 00:22:57

rst:0x1 (POWERON_RESET),boot:0x13 (SPI_FAST_FLASH_BOOT)
configsip: 0, SPIWP:0xee
clk_drv:0x00,q_drv:0x00,d_drv:0x00,cs0_drv:0x00,hd_drv:0x00,wp_drv:0x00
mode:DIO, clock div:2
load:0x3fff0030,len:7084
ho 0 tail 12 room 4
load:0x40078000,len:15584
load:0x40080400,len:4
load:0x40080404,len:3876
entry 0x4008064c
[0;32mI (31) boot: ESP-IDF v5.1.1-dirty 2nd stage bootloader[0m
[0;32mI (31) boot: compile time Dec 16 2023 11:30:01[0m
[0;32mI (31) boot: Multicore bootloader[0m
[0;32mI (36) boot: chip revision: v1.0[0m
[0;32mI (40) boot.esp32: SPI Speed      : 40MHz[0m
[0;32mI (44) boot.esp32: SPI Mode       : DIO[0m
[0;32mI (49) boot.esp32: SPI Flash Size : 2MB[0m
[0;32mI (53) boot: Enabling RNG early entropy source...[0m
[0;32mI (59) boot: Partition Table:[0m
[0;32mI (62) boot: ## Label            Usage          Type ST Offset   Length[0m
[0;32mI (70) boot:  0 nvs              WiFi data        01 02 00009000 00006000[0m
[0;32mI (77) boot:  1 phy_init         RF data          01 01 0000f000 00001000[0m
[0;32mI (85) boot:  2 factory          factory app      00 00 00010000 00100000[0m
[0;32mI (92) boot: End of partition table[0m
[0;32mI (96) esp_image: segment 0: paddr=00010020 vaddr=3f400020 size=0a6a8h ( 42664) map[0m
[0;32mI (120) esp_image: segment 1: paddr=0001a6d0 vaddr=3ff80000 size=00004h (     4) load[0m
[0;32mI (120) esp_image: segment 2: paddr=0001a6dc vaddr=3ffb0000 size=02200h (  8704) load[0m
[0;32mI (129) esp_image: segment 3: paddr=0001c8e4 vaddr=40080000 size=03734h ( 14132) load[0m
[0;32mI (140) esp_image: segment 4: paddr=00020020 vaddr=400d0020 size=17480h ( 95360) map[0m
[0;32mI (177) esp_image: segment 5: paddr=000374a8 vaddr=40083734 size=0a080h ( 41088) load[0m
[0;32mI (201) boot: Loaded app from partition at offset 0x10000[0m
[0;32mI (202) boot: Disabling RNG early entropy source...[0m
[0;32mI (213) cpu_start: Multicore app[0m
[0;32mI (213) cpu_start: Pro cpu up.[0m
[0;32mI (213) cpu_start: Starting app cpu, entry point is 0x4008133c[0m
[0;32mI (0) cpu_start: App cpu up.[0m
[0;32mI (231) cpu_start: Pro cpu start user code[0m
[0;32mI (231) cpu_start: cpu freq: 160000000 Hz[0m
[0;32mI (231) cpu_start: Application information:[0m
[0;32mI (236) cpu_start: Project name:     ds18b20_test[0m
[0;32mI (241) cpu_start: App version:      bc353b2-dirty[0m
[0;32mI (247) cpu_start: Compile time:     Dec 16 2023 11:29:49[0m
[0;32mI (253) cpu_start: ELF file SHA256:  8fe804ae8c29305a...[0m
[0;32mI (259) cpu_start: ESP-IDF:          v5.1.1-dirty[0m
[0;32mI (264) cpu_start: Min chip rev:     v0.0[0m
[0;32mI (269) cpu_start: Max chip rev:     v3.99 [0m
[0;32mI (274) cpu_start: Chip rev:         v1.0[0m
[0;32mI (279) heap_init: Initializing. RAM available for dynamic allocation:[0m
[0;32mI (286) heap_init: At 3FFAE6E0 len 00001920 (6 KiB): DRAM[0m
[0;32mI (292) heap_init: At 3FFB2AB0 len 0002D550 (181 KiB): DRAM[0m
[0;32mI (298) heap_init: At 3FFE0440 len 00003AE0 (14 KiB): D/IRAM[0m
[0;32mI (305) heap_init: At 3FFE4350 len 0001BCB0 (111 KiB): D/IRAM[0m
[0;32mI (311) heap_init: At 4008D7B4 len 0001284C (74 KiB): IRAM[0m
[0;32mI (319) spi_flash: detected chip: generic[0m
[0;32mI (322) spi_flash: flash io: dio[0m
[0;33mW (326) spi_flash: Detected size(4096k) larger than the size in the binary image header(2048k). Using the size in the binary image header.[0m
[0;32mI (340) app_start: Starting scheduler on CPU0[0m
[0;32mI (344) app_start: Starting scheduler on CPU1[0m
[0;32mI (344) main_task: Started on CPU0[0m
[0;32mI (354) main_task: Calling app_main()[0m
[0;32mI (404) main_task: Returned from app_main()[0m
[0;32mI (1154) EXAMPLE: Temperature: 21.9
[0m
[0;32mI (1904) EXAMPLE: Temperature: 42.8
[0m
[0;32mI (2654) EXAMPLE: Temperature: 63.6
[0m
[0;32mI (3404) EXAMPLE: Temperature: 84.4
[0m
[0;32mI (3404) EXAMPLE: Temperature Average: 21.1
[0m
[0;32mI (4154) EXAMPLE: Temperature: 21.8
[0m
[0;32mI (4904) EXAMPLE: Temperature: 42.7
[0m
[0;32mI (5654) EXAMPLE: Temperature: 63.6
[0m
[0;32mI (6404) EXAMPLE: Temperature: 84.4
[0m
[0;32mI (6404) EXAMPLE: Temperature Average: 21.1
[0m
[0;32mI (7154) EXAMPLE: Temperature: 21.9
[0m
[0;32mI (7904) EXAMPLE: Temperature: 42.8
[0m
[0;32mI (8654) EXAMPLE: Temperature: 63.8
[0m
[0;32mI (9404) EXAMPLE: Temperature: 84.7
[0m
[0;32mI (9404) EXAMPLE: Temperature Average: 21.2
[0m
[0;32mI (10154) EXAMPLE: Temperature: 1.0
[0m
[0;32mI (10904) EXAMPLE: Temperature: 86.0
[0m
[0;32mI (11654) EXAMPLE: Temperature: 171.0
[0m
[0;32mI (12404) EXAMPLE: Temperature: 171.0
[0m
[0;32mI (12404) EXAMPLE: Temperature Average: 42.8
[0m
[0;32mI (13154) EXAMPLE: Temperature: 86.0
[0m
[0;32mI (13904) EXAMPLE: Temperature: 107.4
[0m
[0;32mI (14654) EXAMPLE: Temperature: 192.4
[0m
[0;32mI (15404) EXAMPLE: Temperature: 213.8
[0m
[0;32mI (15404) EXAMPLE: Temperature Average: 53.4
[0m
[0;32mI (16154) EXAMPLE: Temperature: 22.5
[0m
[0;32mI (16904) EXAMPLE: Temperature: 44.0
[0m
[0;32mI (17654) EXAMPLE: Temperature: 65.6
[0m
[0;32mI (18404) EXAMPLE: Temperature: 87.1
[0m
[0;32mI (18404) EXAMPLE: Temperature Average: 21.8
[0m
[0;32mI (19154) EXAMPLE: Temperature: 22.7
[0m
[0;32mI (19904) EXAMPLE: Temperature: 44.4
[0m
[0;32mI (20654) EXAMPLE: Temperature: 66.2
[0m
[0;32mI (21404) EXAMPLE: Temperature: 88.0
[0m
[0;32mI (21404) EXAMPLE: Temperature Average: 22.0
[0m
[0;32mI (22154) EXAMPLE: Temperature: 86.0
[0m
[0;32mI (22904) EXAMPLE: Temperature: 107.8
[0m
[0;32mI (23654) EXAMPLE: Temperature: 129.5
[0m
[0;32mI (24404) EXAMPLE: Temperature: 151.2
[0m
[0;32mI (24404) EXAMPLE: Temperature Average: 37.8
[0m
[0;32mI (25154) EXAMPLE: Temperature: 22.7
[0m
[0;32mI (25904) EXAMPLE: Temperature: 44.4
[0m
[0;32mI (26654) EXAMPLE: Temperature: 66.1
[0m
[0;32mI (27404) EXAMPLE: Temperature: 87.8
[0m
[0;32mI (27404) EXAMPLE: Temperature Average: 21.9
[0m
[0;32mI (28154) EXAMPLE: Temperature: 22.6
[0m
[0;32mI (28904) EXAMPLE: Temperature: 44.2
[0m
[0;32mI (29654) EXAMPLE: Temperature: 65.9
[0m
[0;32mI (30404) EXAMPLE: Temperature: 87.5
[0m
[0;32mI (30404) EXAMPLE: Temperature Average: 21.9
[0m
[0;32mI (31154) EXAMPLE: Temperature: 22.6
[0m
[0;32mI (31904) EXAMPLE: Temperature: 44.1
[0m
[0;32mI (32654) EXAMPLE: Temperature: 65.7
[0m
[0;32mI (33404) EXAMPLE: Temperature: 87.2
[0m
[0;32mI (33404) EXAMPLE: Temperature Average: 21.8
[0m
[0;32mI (34154) EXAMPLE: Temperature: 22.5
[0m
[0;32mI (34904) EXAMPLE: Temperature: 44.0
[0m
[0;32mI (35654) EXAMPLE: Temperature: 65.5
[0m
[0;32mI (36404) EXAMPLE: Temperature: 87.0
[0m
[0;32mI (36404) EXAMPLE: Temperature Average: 21.8
[0m
[0;32mI (37154) EXAMPLE: Temperature: 22.4
[0m
[0;32mI (37904) EXAMPLE: Temperature: 43.9
[0m
[0;32mI (38654) EXAMPLE: Temperature: 65.3
[0m
[0;32mI (39404) EXAMPLE: Temperature: 86.8
[0m
[0;32mI (39404) EXAMPLE: Temperature Average: 21.7
[0m
[0;32mI (40154) EXAMPLE: Temperature: 22.4
[0m
[0;32mI (40904) EXAMPLE: Temperature: 43.8
[0m
[0;32mI (41654) EXAMPLE: Temperature: 65.1
[0m
[0;32mI (42404) EXAMPLE: Temperature: 86.5
[0m
[0;32mI (42404) EXAMPLE: Temperature Average: 21.6
[0m
[0;32mI (43154) EXAMPLE: Temperature: 22.3
[0m
[0;32mI (43904) EXAMPLE: Temperature: 43.6
[0m
[0;32mI (44654) EXAMPLE: Temperature: 64.9
[0m
[0;32mI (45404) EXAMPLE: Temperature: 86.2
[0m
[0;32mI (45404) EXAMPLE: Temperature Average: 21.6
[0m
[0;32mI (46154) EXAMPLE: Temperature: 22.2
[0m
[0;32mI (46904) EXAMPLE: Temperature: 43.5
[0m
[0;32mI (47654) EXAMPLE: Temperature: 64.8
[0m
[0;32mI (48404) EXAMPLE: Temperature: 86.0
[0m
[0;32mI (48404) EXAMPLE: Temperature Average: 21.5
[0m
[0;32mI (49154) EXAMPLE: Temperature: 22.2
[0m
[0;32mI (49904) EXAMPLE: Temperature: 43.5
[0m
[0;32mI (50654) EXAMPLE: Temperature: 64.8
[0m
[0;32mI (51404) EXAMPLE: Temperature: 86.0
[0m
[0;32mI (51404) EXAMPLE: Temperature Average: 21.5
[0m
[0;32mI (52154) EXAMPLE: Temperature: 22.2
[0m
[0;32mI (52904) EXAMPLE: Temperature: 43.4
[0m
[0;32mI (53654) EXAMPLE: Temperature: 64.6
[0m
[0;32mI (54404) EXAMPLE: Temperature: 85.8
[0m
[0;32mI (54404) EXAMPLE: Temperature Average: 21.4
[0m
[0;32mI (55154) EXAMPLE: Temperature: 22.2
[0m
[0;32mI (55904) EXAMPLE: Temperature: 43.3
[0m
[0;32mI (56654) EXAMPLE: Temperature: 64.5
[0m
[0;32mI (57404) EXAMPLE: Temperature: 85.7
[0m
[0;32mI (57404) EXAMPLE: Temperature Average: 21.4
[0m
[0;32mI (58154) EXAMPLE: Temperature: 22.1
[0m
[0;32mI (58904) EXAMPLE: Temperature: 43.2
[0m
[0;32mI (59654) EXAMPLE: Temperature: 64.4
[0m
[0;32mI (60404) EXAMPLE: Temperature: 85.5
[0m
[0;32mI (60404) EXAMPLE: Temperature Average: 21.4
[0m
[0;32mI (61154) EXAMPLE: Temperature: 22.1
[0m
[0;32mI (61904) EXAMPLE: Temperature: 43.2
[0m
[0;32mI (62654) EXAMPLE: Temperature: 64.4
[0m
[0;32mI (63404) EXAMPLE: Temperature: 85.5
[0m
[0;32mI (63404) EXAMPLE: Temperature Average: 21.4
[0m
[0;32mI (64154) EXAMPLE: Temperature: 22.1
[0m
[0;32mI (64904) EXAMPLE: Temperature: 43.1
[0m
[0;32mI (65654) EXAMPLE: Temperature: 64.2
[0m
[0;32mI (66404) EXAMPLE: Temperature: 85.2
[0m
[0;32mI (66404) EXAMPLE: Temperature Average: 21.3
[0m
[0;32mI (67154) EXAMPLE: Temperature: 22.1
[0m
[0;32mI (67904) EXAMPLE: Temperature: 43.1
[0m
[0;32mI (68654) EXAMPLE: Temperature: 64.2
[0m
[0;32mI (69404) EXAMPLE: Temperature: 85.2
[0m
[0;32mI (69404) EXAMPLE: Temperature Average: 21.3
[0m
[0;32mI (70154) EXAMPLE: Temperature: 22.1
[0m
[0;32mI (70904) EXAMPLE: Temperature: 43.1
[0m
[0;32mI (71654) EXAMPLE: Temperature: 64.2
[0m
[0;32mI (72404) EXAMPLE: Temperature: 85.2
[0m
[0;32mI (72404) EXAMPLE: Temperature Average: 21.3
[0m
[0;32mI (73154) EXAMPLE: Temperature: 22.0
[0m
[0;32mI (73904) EXAMPLE: Temperature: 43.0
[0m
[0;32mI (74654) EXAMPLE: Temperature: 64.0
[0m
[0;32mI (75404) EXAMPLE: Temperature: 85.0
[0m
[0;32mI (75404) EXAMPLE: Temperature Average: 21.2
[0m
[0;32mI (76154) EXAMPLE: Temperature: 22.0
[0m
[0;32mI (76904) EXAMPLE: Temperature: 43.0
[0m
[0;32mI (77654) EXAMPLE: Temperature: 64.0
[0m
[0;32mI (78404) EXAMPLE: Temperature: 85.0
[0m
[0;32mI (78404) EXAMPLE: Temperature Average: 21.2
[0m
[0;32mI (79154) EXAMPLE: Temperature: 22.0
[0m
[0;32mI (79904) EXAMPLE: Temperature: 43.0
[0m
[0;32mI (80654) EXAMPLE: Temperature: 64.0
[0m
[0;32mI (81404) EXAMPLE: Temperature: 85.0
[0m
[0;32mI (81404) EXAMPLE: Temperature Average: 21.2
[0m
[0;32mI (82154) EXAMPLE: Temperature: 21.9
[0m
[0;32mI (82904) EXAMPLE: Temperature: 42.9
[0m
[0;32mI (83654) EXAMPLE: Temperature: 63.9
[0m
[0;32