ets Jul 29 2019 12:21:46

rst:0x1 (POWERON_RESET),boot:0x13 (SPI_FAST_FLASH_BOOT)
configsip: 0, SPIWP:0xee
clk_drv:0x00,q_drv:0x00,d_drv:0x00,cs0_drv:0x00,hd_drv:0x00,wp_drv:0x00
mode:DIO, clock div:2
load:0x3fff0030,len:7084
ho 0 tail 12 room 4
load:0x40078000,len:15584
load:0x40080400,len:4
load:0x40080404,len:3876
entry 0x4008064c
[0;32mI (31) boot: ESP-IDF v5.1.1-dirty 2nd stage bootloader[0m
[0;32mI (31) boot: compile time Jan 11 2024 23:53:53[0m
[0;32mI (31) boot: Multicore bootloader[0m
[0;32mI (36) boot: chip revision: v3.0[0m
[0;32mI (40) boot.esp32: SPI Speed      : 40MHz[0m
[0;32mI (44) boot.esp32: SPI Mode       : DIO[0m
[0;32mI (49) boot.esp32: SPI Flash Size : 2MB[0m
[0;32mI (53) boot: Enabling RNG early entropy source...[0m
[0;32mI (59) boot: Partition Table:[0m
[0;32mI (62) boot: ## Label            Usage          Type ST Offset   Length[0m
[0;32mI (70) boot:  0 nvs              WiFi data        01 02 00009000 00006000[0m
[0;32mI (77) boot:  1 phy_init         RF data          01 01 0000f000 00001000[0m
[0;32mI (85) boot:  2 factory          factory app      00 00 00010000 00100000[0m
[0;32mI (92) boot: End of partition table[0m
[0;32mI (96) esp_image: segment 0: paddr=00010020 vaddr=3f400020 size=09598h ( 38296) map[0m
[0;32mI (119) esp_image: segment 1: paddr=000195c0 vaddr=3ffb0000 size=02148h (  8520) load[0m
[0;32mI (122) esp_image: segment 2: paddr=0001b710 vaddr=40080000 size=04908h ( 18696) load[0m
[0;32mI (132) esp_image: segment 3: paddr=00020020 vaddr=400d0020 size=140f8h ( 82168) map[0m
[0;32mI (163) esp_image: segment 4: paddr=00034120 vaddr=40084908 size=076dch ( 30428) load[0m
[0;32mI (182) boot: Loaded app from partition at offset 0x10000[0m
[0;32mI (182) boot: Disabling RNG early entropy source...[0m
[0;32mI (193) cpu_start: Multicore app[0m
[0;32mI (193) cpu_start: Pro cpu up.[0m
[0;32mI (194) cpu_start: Starting app cpu, entry point is 0x400810e8[0m
[0;32mI (0) cpu_start: App cpu up.[0m
[0;32mI (211) cpu_start: Pro cpu start user code[0m
[0;32mI (211) cpu_start: cpu freq: 160000000 Hz[0m
[0;32mI (212) cpu_start: Application information:[0m
[0;32mI (216) cpu_start: Project name:     ds18b20_test[0m
[0;32mI (222) cpu_start: App version:      3d56135-dirty[0m
[0;32mI (227) cpu_start: Compile time:     Jan 11 2024 23:53:42[0m
[0;32mI (233) cpu_start: ELF file SHA256:  c1b83b4be5d47b74...[0m
[0;32mI (239) cpu_start: ESP-IDF:          v5.1.1-dirty[0m
[0;32mI (245) cpu_start: Min chip rev:     v0.0[0m
[0;32mI (249) cpu_start: Max chip rev:     v3.99 [0m
[0;32mI (254) cpu_start: Chip rev:         v3.0[0m
[0;32mI (259) heap_init: Initializing. RAM available for dynamic allocation:[0m
[0;32mI (266) heap_init: At 3FFAE6E0 len 00001920 (6 KiB): DRAM[0m
[0;32mI (272) heap_init: At 3FFB29C8 len 0002D638 (181 KiB): DRAM[0m
[0;32mI (278) heap_init: At 3FFE0440 len 00003AE0 (14 KiB): D/IRAM[0m
[0;32mI (285) heap_init: At 3FFE4350 len 0001BCB0 (111 KiB): D/IRAM[0m
[0;32mI (291) heap_init: At 4008BFE4 len 0001401C (80 KiB): IRAM[0m
[0;32mI (299) spi_flash: detected chip: generic[0m
[0;32mI (302) spi_flash: flash io: dio[0m
[0;33mW (306) spi_flash: Detected size(4096k) larger than the size in the binary image header(2048k). Using the size in the binary image header.[0m
[0;32mI (320) app_start: Starting scheduler on CPU0[0m
[0;32mI (324) app_start: Starting scheduler on CPU1[0m
[0;32mI (324) main_task: Started on CPU0[0m
[0;32mI (334) main_task: Calling app_main()[0m
[0;32mI (464) main_task: Returned from app_main()[0m
ets Jul 2y bï¿½a9 ï¿½ets Jul 29 2019 12:21:46

rst:0x1 (POWERON_RESET),boot:0x13 (SPI_FAST_FLASH_BOOT)
configsip: 0, SPIWP:0xee
clk_drv:0x00,q_drv:0x00,d_drv:0x00,cs0_drv:0x00,hd_drv:0x00,wp_drv:0x00
mode:DIO, clock div:2
load:0x3fff0030,len:7084
ho 0 tail 12 room 4
load:0x40078000,len:15584
load:0x40080400,len:4
load:0x40080404,len:3876
entry 0x4008064c
[0;32mI (31) boot: Eets Jul 29 2019 12:21:46

rst:0x1 (POWERON_RESET),boot:0x13 (SPI_FAST_FLASH_BOOT)
configsip: 0, SPIWP:0xee
clk_drv:0x00,q_drv:0x00,d_drv:0x00,cs0_drv:0x00,hd_drv:0x00,wp_drv:0x00
mode:DIO, clock div:2
load:0x3fff0030,len:7084
ho 0 tail 12 room 4
load:0x40078000,len:15584
load:0x40080400,len:4
load:0x40080404,len:3876
entry 0x4008064c
[0;32mI (61) boot: ESP-IDF v5.1.1-dirty 2nd stage bootloader[0m
[0;32mI (61) boot: compile time Jan 11 2024 23:53:53[0m
[0;32mI (61) boot: Multicore bootloader[0m
[0;32mI (67) boot: chip revision: v3.0[0m
[0;32mI (70) boot.esp32: SPI Speed      : 40MHz[0m
[0;32mI (75) boot.esp32: SPI Mode       : DIO[0m
[0;32mI (80) boot.esp32: SPI Flash Size : 2MB[0m
[0;32mI (84) boot: Enabling RNG early entropy source...[0m
[0;32mI (90) boot: Partition Table:[0m
[0;32mI (93) boot: ## Label            Usage          Type ST Offset   Length[0m
[0;32mI (100) boot:  0 nvs              WiFi data        01 02 00009000 00006000[0m
[0;32mI (108) boot:  1 phy_init         RF data          01 01 0000f000 00001000[0m
[0;32mI (115) boot:  2 factory          factory app      00 00 00010000 00100000[0m
[0;32mI (123) boot: End of partition table[0m
[0;32mI (127) esp_image: segment 0: paddr=00010020 vaddr=3f400020 size=09598h ( 38296) map[0m
[0;32mI (150) esp_image: segment 1: paddr=000195c0 vaddr=3ffb0000 size=`bets Jul 29 2019 12:21:46

rst:0x1 (POWERON_RESET),boot:0x13 (SPI_FAST_FLASH_BOOT)
configsip: 0, SPIWP:0xee
clk_drv:0x00,q_drv:0x00,d_drv:0x00,cs0_drv:0x00,hd_drv:0x00,wp_drv:0x00
mode:DIO, clock div:2
load:0x3fff0030,len:7084
ho 0 tail 12 room 4
load:0x40078000,len:15584
load:0x40080400,len:4
load:0x40080404,len:3876
entry 0x4008064c
[0;32mI (31) boot: ESP-IDF v5.1.1-dirty 2nd stage bootloader[0m
[0;32mI (31) boot: compile time Jan 11 2024 23:53:53[0m
[0;32mI (31) boot: Multicore bootloader[0m
[0;32mI (36) boot: chip revision: v3.0[0m
[0;32mI (40) boot.esp32: SPI Speed      : 40MHz[0m
[0;32mI (44) boot.esp32: SPI Mode       : DIO[0m
[0;32mI (49) boot.esp32: SPI Flash Size : 2MB[0m
[0;32mI (53) boot: Enabling RNG early entropy source...[0m
[0;32mI (59) boot: Partition Table:[0m
[0;32mI (62) boot: ## Label            Usage          Type ST Offset   Length[0m
[0;32mI (70) boot:  0 nvs              WiFi data        01 02 00009000 00006000[0m
[0;32mI (77) boot:  1 phy_init         RF data          01 01 0000f000 00001000[0m
[0;32mI (85) boot:  2 factory          factory app      00 00 00010000 00100000[0m
[0;32mI (92) boot: End of partition table[0m
[0;32mI (96) esp_image: segment 0: paddr=00010020 vaddr=3f400020 size=09598h ( 38296) map[0m
[0;32mI (119) esp_image: segment 1: paddr=000195c0 vaddr=3ffb0000 size=02148h (  8520) load[0m
[0;32mI (122) esp_image: segment 2: paddr=0001b710 vaddr=40080000 size=04908h ( 18696) load[0m
[0;32mI (132) esp_image: segment 3: paddr=00020020 vaddr=400d0020 size=140f8h ( 82168) map[0m
[0;32mI (163) esp_image: segment 4: paddr=00034120 vaddr=40084908 size=076dch ( 30428) load[0m
[0;32mI (182) boot: Loaded app from partition at offset 0x10000[0m
[0;32mI (182) boot: Disabling RNG early entropy source...[0m
[0;32mI (193) cpu_start: Multicore app[0m
[0;32mI (193) cpu_start: Pro cpu up.[0m
[0;32mI (194) cpu_start: Starting app cpu, entry point is 0x400810e8[0m
[0;32mI (0) cpu_start: App cpu up.[0m
[0;32mI (211) cpu_start: Pro cpu start user code[0m
[0;32mI (211) cpu_start: cpu freq: 160000000 Hz[0m
[0;32mI (212) cpu_start: Application information:[0m
[0;32mI (216) cpu_start: Project name:     ds18b20_test[0m
[0;32mI (222) cpu_start: App version:      3d56135-dirty[0m
[0;32mI (227) cpu_start: Compile time:     Jan 11 2024 23:53:42[0m
[0;32mI (233) cpu_start: ELF file SHA256:  c1b83b4be5d47b74...[0m
[0;32mI (239) cpu_start: ESP-IDF:          v5.1.1-dirty[0m
[0;32mI (245) cpu_start: Min chip rev:     v0.0[0m
[0;32mI (249) cpu_start: Max chip rev:     v3.99 [0m
[0;32mI (254) cpu_start: Chip rev:         v3.0[0m
[0;32mI (259) heap_init: Initializing. RAM available for dynamic allocation:[0m
[0;32mI (266) heap_init: At 3FFAE6E0 len 00001920 (6 KiB): DRAM[0m
[0;32mI (272) heap_init: At 3FFB29C8 len 0002D638 (181 KiB): DRAM[0m
[0;32mI (278) heap_init: At 3FFE0440 len 00003AE0 (14 KiB): D/IRAM[0m
[0;32mI (285) heap_init: At 3FFE4350 len 0001BCB0 (111 KiB): D/IRAM[0m
[0;32mI (291) heap_init: At 4008BFE4 len 0001401C (80 KiB): IRAM[0m
[0;32mI (299) spi_flash: detected chip: generic[0m
[0;32mI (302) spi_flash: flash io: dio[0m
[0;33mW (306) spi_flash: Detected size(4096k) larger than the size in the binary image header(2048k). Using the size in the binary image header.[0m
[0;32mI (320) app_start: Starting scheduler on CPU0[0m
[0;32mI (324) app_start: Starting scheduler on CPU1[0m
[0;32mI (324) main_task: Started on CPU0[0m
[0;32mI (334) main_task: Calling app_main()[0m
[0;32mI (464) main_task: Returned from app_main()[0m
ets Jul 29 2019 12:21:46

rst:0x1 (POWERON_RESET),boot:0x13 (SPI_FAST_FLASH_BOOT)
configsip: 0, SPIWP:0xee
clk_drv:0x00,q_drv:0x00,d_drv:0x00,cs0_drv:0x00,hd_drv:0x00,wp_drv:0x00
mode:DIO, clock div:2
load:0x3fff0030,len:7084
ho 0 tail 12 room 4
load:0x40078000,len:15584
load:0x40080400,len:4
load:0x40080404,len:3876
entry 0x4008064c
[0;32mI (31) boot: ESP-IDF v5.1.1-dirty 2nd stage bootloader[0m
[0;32mI (31) boot: compile time Jan 11 2024 23:53:53[0m
[0;32mI (31) boot: Multicore bootloader[0m
[0;32mI (36) boot: chip revision: v3.0[0m
[0;32mI (40) boot.esp32: SPI Speed      : 40MHz[0m
[0;32mI (44) boot.esp32: SPI Mode       : DIO[0m
[0;32mI (49) boot.esp32: SPI Flash Size : 2MB[0m
[0;32mI (53) boot: Enabling RNG early entropy source...[0m
[0;32mI (59) boot: Partition Table:[0m
[0;32mI (62) boot: ## Label            Usage          Type ST Offset   Length[0m
[0;32mI (70) boot:  0 nvs              WiFi data        01 02 00009000 00006000[0m
[0;32mI (77) boot:  1 phy_init         RF data          01 01 0000f000 00001000[0m
[0;32mI (85) boot:  2 factory          factory app      00 00 00010000 00100000[0m
[0;32mI (92) boot: End of partition table[0m
[0;32mI (96) esp_image: segment 0: paddr=00010020 vaddr=3f400020 size=09598h ( 38296) map[0m
[0;32mI (119) esp_image: segment 1: paddr=000195c0 vaddr=3ffb0000 size=02148h (  8520) load[0m
[0;32mI (122) esp_image: segment 2: paddr=0001b710 vaddr=40080000 size=04908h ( 18696) load[0m
[0;32mI (132) esp_image: segment 3: paddr=00020020 vaddr=400d0020 size=140f8h ( 82168) map[0m
[0;32mI (163) esp_image: segment 4: paddr=00034120 vaddr=40084908 size=076dch ( 30428) load[0m
[0;31mE (175) esp_image: Checksum failed. Calculated 0xc5 read 0xcd[0m
[0;31mE (176) boot: Factory app partition is not bootable[0m
[0;31mE (176) boot: No bootable app partitions in the partition table[0m
ets Jul 29 2019 12:21:46

rst:0x3 (SW_RESET),boot:0x13 (SPI_FAST_FLASH_BOOT)
configsip: 0, SPIWP:0xee
clk_drv:0x00,q_drv:0x00,d_drv:0x00,cs0_drv:0x00,hd_drv:0x00,wp_drv:0x00
mode:DIO, clock div:2
load:0x3fff0030,len:7084
ho 0 tail 12 room 4
load:0x40078000,len:15584
load:0x40080400,len:4
load:0x40080404,len:3876
entry 0x4008064c
[0;32mI (60) boot: ESP-IDF v5.1.1-dirty 2nd stage bootloader[0m
[0;32mI (60) boot: compile time Jan 11 2024 23:53:53[0m
[0;32mI (60) boot: Multicore bootloader[0m
[0;32mI (66) boot: chip revision: v3.0[0m
[0;32mI (70) boot.esp32: SPI Speed      : 40MHz[0m
[0;32mI (74) boot.esp32: SPI Mode       : DIO[0m
[0;32mI (79) boot.esp32: SPI Flash Size : 2MB[0m
[0;32mI (83) boot: Enabling RNG early entropy source...[0m
[0;32mI (89) boot: Partition Table:[0m
[0;32mI (92) boot: ## Label            Usage          Type ST Offset   Length[0m
[0;32mI (100) boot:  0 nvs              WiFi data        01 02 00009000 00006000[0m
[0;32mI (107) boot:  1 phy_init         RF data          01 01 0000f000 00001000[0m
[0;32mI (115) boot:  2 factory          factory app      00 00 00010000 00100000[0m
[0;32mI (122) boot: End of partition table[0m
[0;32mI (126) esp_image: segment 0: paddr=00010020 vaddr=3f400020 size=09598h ( 38296) map[0m
[0;32mI (149) esp_image: segment 1: paddr=000195c0 vaddr=3ffb0000 size=02148h (  8520) load[0m
[0;32mI (153) esp_image: segment 2: paddr=0001b710 vaddr=40080000 size=04908h ( 18696) load[0m
[0;32mI (163) esp_image: segment 3: paddr=00020020 vaddr=400d0020 size=140f8h ( 82168) map[0m
[0;32mI (193) esp_image: segment 4: paddr=00034120 vaddr=40084908 size=076dch ( 30428) load[0m
[0;32mI (212) boot: Loaded app from partition at offset 0x10000[0m
[0;32mI (212) boot: Disabling RNG early entropy source...[0m
[0;32mI (223) cpu_start: Multicore app[0m
[0;32mI (224) cpu_start: Pro cpu up.[0m
[0;32mI (224) cpu_start: Starting app cpu, entry point is 0x400810e8[0m
[0;32mI (0) cpu_start: App cpu up.[0m
[0;32mI (242) cpu_start: Pro cpu start user code[0m
[0;32mI (242) cpu_start: cpu freq: 160000000 Hz[0m
[0;32mI (242) cpu_start: Application information:[0m
[0;32mI (246) cpu_start: Project name:     ds18b20_test[0m
[0;32mI (252) cpu_start: App version:      3d56135-dirty[0m
[0;32mI (257) cpu_start: Compile time:     Jan 11 2024 23:53:42[0m
[0;32mI (263) cpu_start: ELF file SHA256:  c1b83b4be5d47b74...[0m
[0;32mI (269) cpu_start: ESP-IDF:          v5.1.1-dirty[0m
[0;32mI (275) cpu_start: Min chip rev:     v0.0[0m
[0;32mI (279) cpu_start: Max chip rev:     v3.99 [0m
[0;32mI (284) cpu_start: Chip rev:         v3.0[0m
[0;32mI (289) heap_init: Initializing. RAM available for dynamic allocation:[0m
[0;32mI (296) heap_init: At 3FFAE6E0 len 00001920 (6 KiB): DRAM[0m
[0;32mI (302) heap_init: At 3FFB29C8 len 0002D638 (181 KiB): DRAM[0m
[0;32mI (309) heap_init: At 3FFE0440 len 00003AE0 (14 KiB): D/IRAM[0m
[0;32mI (315) heap_init: At 3FFE4350 len 0001BCB0 (111 KiB): D/IRAM[0m
[0;32mI (321) heap_init: At 4008BFE4 len 0001401C (80 KiB): IRAM[0m
[0;32mI (329) spi_flash: detected chip: generic[0m
[0;32mI (332) spi_flash: flash io: dio[0m
[0;33mW (336) spi_flash: Detected size(4096k) larger than the size in the binary image header(2048k). Using the size in the binary image header.[0m
[0;32mI (350) app_start: Starting scheduler on CPU0[0m
[0;32mI (354) app_start: Starting scheduler on CPU1[0m
[0;32mI (354) main_task: Started on CPU0[0m
[0;32mI (364) main_task: Calling app_main()[0m
[0;32mI (494) main_task: Returned from app_main()[0m
ets Jul 29 2019 12:21:46

rst:0x8 (TG1WDT_SYS_RESET),boot:0x13 (SPI_FAST_FLASH_BOOT)
configsip: 0, SPIWP:0xee
clk_drv:0x00,q_drv:0x00,d_drv:0x00,cs0_drv:0x00,hd_drv:0x00,wp_drv:0x00
mode:DIO, clock div:2
load:0x3fff0030,len:7084
ho 0 tail 12 room 4
load:0x40078000,len:15584
load:0x40080400,len:4
load:0x40080404,len:3876
entry 0x4008064c
[0;32mI (62) boot: ESP-IDF v5.1.1-dirty 2nd stage bootloader[0m
[0;32mI (62) boot: compile time Jan 11 2024 23:53:53[0m
[0;32mI (62) boot: Multicore bootloader[0m
[0;32mI (67) boot: chip revision: v3.0[0m
[0;32mI (71) boot.esp32: SPI Speed      : 40MHz[0m
[0;32mI (76) boot.esp32: SPI Mode       : DIO[0m
[0;32mI (80) boot.esp32: SPI Flash Size : 2MB[0m
[0;33mW (85) boot.esp32: PRO CPU has been reset by WDT.[0m
[0;33mW (90) boot.esp32: WDT reset info: PRO CPU PC=0x4008176e[0m
[0;33mW (96) boot.esp32: WDT reset info: APP CPU PC=0x4008176e[0m
[0;32mI (102) boot: Enabling RNG early entropy source...[0m
[0;32mI (107) boot: Partition Table:[0m
[0;32mI (111) boot: ## Label            Usage          Type ST Offset   Length[0m
[0;32mI (119) boot:  0 nvs              WiFi data        01 02 00009000 00006000[0m
[0;32mI (126) boot:  1 phy_init         RF data          01 01 0000f000 00001000[0m
[0;32mI (134) boot:  2 factory          factory app      00 00 00010000 00100000[0m
[0;32mI (141) boot: End of partition table[0m
[0;32mI (145) esp_image: segment 0: paddr=00010020 vaddr=3f400020 size=09598h ( 38296) map[0m
[0;32mI (168) esp_image: segment 1: paddr=000195c0 vaddr=3ffb0000 size=02148h (  8520) load[0m
[0;32mI (172) esp_image: segment 2: paddr=0001b710 vaddr=40080000 size=04908h ( 18696) load[0m
[0;32mI (182) esp_image: segment 3: paddr=00020020 vaddr=400d0020 size=140f8h ( 82168) map[0m
[0;32mI (212) esp_image: segment 4: paddr=00034120 vaddr=40084908 size=076dch ( 30428) load[0m
[0;32mI (231) boot: Loaded app from partition at offset 0x10000[0m
[0;32mI (231) boot: Disabling RNG early entropy source...[0m
[0;32mI (242) cpu_start: Multicore app[0m
[0;32mI (243) cpu_start: Pro cpu up.[0m
[0;32mI (243) cpu_start: Starting app cpu, entry point is 0x400810e8[0m
[0;32mI (0) cpu_start: App cpu up.[0m
ets Jul 29 2019 12:21:46

rst:0x10 (RTCWDT_RTC_RESET),boot:0x13 (SPI_FAST_FLASH_BOOT)
configsip: 0, SPIWP:0xee
clk_drv:0x00,q_drv:0x00,d_drv:0x00,cs0_drv:0x00,hd_drv:0x00,wp_drv:0x00
mode:DIO, clock div:2
load:0x3fff0030,len:7084
ho 0 tail 12 room 4
load:0x40078000,len:15584
load:0x40080400,len:4
load:0x40080404,len:3876
entry 0x4008064c
[0;32mI (31) boot: ESP-IDF v5.1.1-dirty 2nd stage bootloader[0m
[0;32mI (32) boot: compile time Jan 11 2024 23:53:53[0m
[0;32mI (32) boot: Multicore bootloader[0m
[0;32mI (36) boot: chip revision: v3.0[0m
[0;32mI (40) boot.esp32: SPI Speed      : 40MHz[0m
[0;32mI (45) boot.esp32: SPI Mode       : DIO[0m
[0;32mI (49) boot.esp32: SPI Flash Size : 2MB[0m
[0;32mI (54) boot: Enabling RNG early entropy source...[0m
[0;32mI (59) boot: Partition Table:[0m
[0;32mI (63) boot: ## Label            Usage          Type ST Offset   Length[0m
[0;32mI (70) boot:  0 nvs              WiFi data        01 02 00009000 00006000[0m
[0;32mI (78) boot:  1 phy_init         RF data          01 01 0000f000 00001000[0m
[0;32mI (85) boot:  2 factory          factory app      00 00 00010000 00100000[0m
[0;32mI (93) boot: End of partition table[0m
[0;32mI (97) esp_image: segment 0: paddr=00010020 vaddr=3f400020 size=09598h ( 38296) map[0m
[0;32mI (119) esp_image: segment 1: paddr=000195c0 vaddr=3ffb0000 size=02148h (  8520) load[0m
[0;32mI (123) esp_image: segment 2: paddr=0001b710 vaddr=40080000 size=04908h ( 18696) load[0m
[0;32mI (133) esp_image: segment 3: paddr=00020020 vaddr=400d0020 size=140f8h ( 82168) map[0m
[0;32mI (163) esp_image: segment 4: paddr=00034120 vaddr=40084908 size=076dch ( 30428) load[0m
[0;32mI (182) boot: Loaded app from partition at offset 0x10000[0m
[0;32mI (182) boot: Disabling RNG early entropy source...[0m
[0;32mI (193) cpu_start: Multicore app[0m
[0;32mI (194) cpu_start: Pro cpu up.[0m
[0;32mI (194) cpu_start: Starting app cpu, entry point is 0x400810e8[0m
[0;32mI (0) cpu_start: App cpu up.[0m
[0;32mI (212) cpu_start: Pro cpu start user code[0m
[0;32mI (212) cpu_start: cpu freq: 160000000 Hz[0m
[0;32mI (212) cpu_start: Application information:[0m
[0;32mI (217) cpu_start: Project name:     ds18b20_test[0m
[0;32mI (222) cpu_start: App version:      3d56135-dirty[0m
[0;32mI (227) cpu_start: Compile time:     Jan 11 2024 23:53:42[0m
[0;32mI (234) cpu_start: ELF file SHA256:  c1b83b4be5d47b74...[0m
[0;32mI (240) cpu_start: ESP-IDF:          v5.1.1-dirty[0m
[0;32mI (245) cpu_start: Min chip rev:     v0.0[0m
[0;32mI (250) cpu_start: Max chip rev:     v3.99 [0m
[0;32mI (254) cpu_start: Chip rev:         v3.0[0m
[0;32mI (259) heap_init: Initializing. RAM available for dynamic allocation:[0m
[0;32mI (267) heap_init: At 3FFAE6E0 len 00001920 (6 KiB): DRAM[0m
[0;32mI (272) heap_init: At 3FFB29C8 len 0002D638 (181 KiB): DRAM[0m
[0;32mI (279) heap_init: At 3FFE0440 len 00003AE0 (14 KiB): D/IRAM[0m
[0;32mI (285) heap_init: At 3FFE4350 len 0001BCB0 (111 KiB): D/IRAM[0m
[0;32mI (291) heap_init: At 4008BFE4 len 0001401C (80 KiB): IRAM[0m
[0;32mI (299) spi_flash: detected chip: generic[0m
[0;32mI (302) spi_flash: flash io: dio[0m
[0;33mW (306) spi_flash: Detected size(4096k) larger than the size in the binary image header(2048k). Using the size in the binary image header.[0m
[0;32mI (320) app_start: Starting scheduler on CPU0[0m
[0;32mI (324) app_start: Starting scheduler on CPU1[0m
[0;32mI (324) main_task: Started on CPU0[0m
[0;32mI (334) main_task: Calling app_main()[0m
[0;32mI (464) main_task: Returned from app_main()[0m
