ets Jun  8 2016 00:22:57

rst:0x1 (POWERON_RESET),boot:0x13 (SPI_FAST_FLASH_BOOT)
configsip: 0, SPIWP:0xee
clk_drv:0x00,q_drv:0x00,d_drv:0x00,cs0_drv:0x00,hd_drv:0x00,wp_drv:0x00
mode:DIO, clock div:2
load:0x3fff0030,len:7084
ho 0 tail 12 room 4
load:0x40078000,len:15584
load:0x40080400,len:4
load:0x40080404,len:3876
entry 0x4008064c
[0;32mI (31) boot: ESP-IDF v5.1.1-dirty 2nd stage bootloader[0m
[0;32mI (31) boot: compile time Dec 16 2023 11:30:01[0m
[0;32mI (31) boot: Multicore bootloader[0m
[0;32mI (36) boot: chip revision: v1.0[0m
[0;32mI (40) boot.esp32: SPI Speed      : 40MHz[0m
[0;32mI (44) boot.esp32: SPI Mode       : DIO[0m
[0;32mI (49) boot.esp32: SPI Flash Size : 2MB[0m
[0;32mI (53) boot: Enabling RNG early entropy source...[0m
[0;32mI (59) boot: Partition Table:[0m
[0;32mI (62) boot: ## Label            Usage          Type ST Offset   Length[0m
[0;32mI (70) boot:  0 nvs              WiFi data        01 02 00009000 00006000[0m
[0;32mI (77) boot:  1 phy_init         RF data          01 01 0000f000 00001000[0m
[0;32mI (85) boot:  2 factory          factory app      00 00 00010000 00100000[0m
[0;32mI (92) boot: End of partition table[0m
[0;32mI (96) esp_image: segment 0: paddr=00010020 vaddr=3f400020 size=0a340h ( 41792) map[0m
[0;32mI (120) esp_image: segment 1: paddr=0001a368 vaddr=3ff80000 size=00004h (     4) load[0m
[0;32mI (120) esp_image: segment 2: paddr=0001a374 vaddr=3ffb0000 size=021e0h (  8672) load[0m
[0;32mI (129) esp_image: segment 3: paddr=0001c55c vaddr=40080000 size=03abch ( 15036) load[0m
[0;32mI (140) esp_image: segment 4: paddr=00020020 vaddr=400d0020 size=16be0h ( 93152) map[0m
[0;32mI (176) esp_image: segment 5: paddr=00036c08 vaddr=40083abc size=09cf8h ( 40184) load[0m
[0;32mI (200) boot: Loaded app from partition at offset 0x10000[0m
[0;32mI (200) boot: Disabling RNG early entropy source...[0m
[0;32mI (211) cpu_start: Multicore app[0m
[0;32mI (212) cpu_start: Pro cpu up.[0m
[0;32mI (212) cpu_start: Starting app cpu, entry point is 0x4008133c[0m
[0;32mI (0) cpu_start: App cpu up.[0m
[0;32mI (230) cpu_start: Pro cpu start user code[0m
[0;32mI (230) cpu_start: cpu freq: 160000000 Hz[0m
[0;32mI (230) cpu_start: Application information:[0m
[0;32mI (235) cpu_start: Project name:     ds18b20_test[0m
[0;32mI (240) cpu_start: App version:      bc353b2-dirty[0m
[0;32mI (245) cpu_start: Compile time:     Dec 16 2023 11:29:49[0m
[0;32mI (251) cpu_start: ELF file SHA256:  dac97fdea27ff956...[0m
[0;32mI (257) cpu_start: ESP-IDF:          v5.1.1-dirty[0m
[0;32mI (263) cpu_start: Min chip rev:     v0.0[0m
[0;32mI (268) cpu_start: Max chip rev:     v3.99 [0m
[0;32mI (272) cpu_start: Chip rev:         v1.0[0m
[0;32mI (277) heap_init: Initializing. RAM available for dynamic allocation:[0m
[0;32mI (285) heap_init: At 3FFAE6E0 len 00001920 (6 KiB): DRAM[0m
[0;32mI (290) heap_init: At 3FFB2A90 len 0002D570 (181 KiB): DRAM[0m
[0;32mI (297) heap_init: At 3FFE0440 len 00003AE0 (14 KiB): D/IRAM[0m
[0;32mI (303) heap_init: At 3FFE4350 len 0001BCB0 (111 KiB): D/IRAM[0m
[0;32mI (309) heap_init: At 4008D7B4 len 0001284C (74 KiB): IRAM[0m
[0;32mI (317) spi_flash: detected chip: generic[0m
[0;32mI (320) spi_flash: flash io: dio[0m
[0;33mW (324) spi_flash: Detected size(4096k) larger than the size in the binary image header(2048k). Using the size in the binary image header.[0m
[0;32mI (338) app_start: Starting scheduler on CPU0[0m
[0;32mI (342) app_start: Starting scheduler on CPU1[0m
[0;32mI (342) main_task: Started on CPU0[0m
[0;32mI (352) main_task: Calling app_main()[0m
[0;32mI (3402) EXAMPLE: Temperature: 1.0
[0m
[0;31mE (5352) task_wdt: Task watchdog got triggered. The following tasks/users did not reset the watchdog in time:[0m
[0;31mE (5352) task_wdt:  - IDLE (CPU 0)[0m
[0;31mE (5352) task_wdt: Tasks currently running:[0m
[0;31mE (5352) task_wdt: CPU 0: mainTask[0m
[0;31mE (5352) task_wdt: CPU 1: IDLE[0m
[0;31mE (5352) task_wdt: Print CPU 0 (current core) backtrace[0m


Backtrace: 0x400D73AB:0x3FFB0D70 0x400D7532:0x3FFB0D90 0x40082DC9:0x3FFB0DB0 0x40084EE5:0x3FFB6960 0x4008893E:0x3FFB6980 0x400D595B:0x3FFB69A0 0x400D5984:0x3FFB69D0 0x400893E5:0x3FFB6A00

[0;32mI (6402) EXAMPLE: Temperature: 1.0
[0m
[0;32mI (9402) EXAMPLE: Temperature: 1.0
[0m
[0;31mE (10352) task_wdt: Task watchdog got triggered. The following tasks/users did not reset the watchdog in time:[0m
[0;31mE (10352) task_wdt:  - IDLE (CPU 0)[0m
[0;31mE (10352) task_wdt: Tasks currently running:[0m
[0;31mE (10352) task_wdt: CPU 0: mainTask[0m
[0;31mE (10352) task_wdt: CPU 1: IDLE[0m
[0;31mE (10352) task_wdt: Print CPU 0 (current core) backtrace[0m


Backtrace: 0x400D73AB:0x3FFB0D70 0x400D7532:0x3FFB0D90 0x40082DC9:0x3FFB0DB0 0x40084EE5:0x3FFB6960 0x4008893E:0x3FFB6980 0x400D595B:0x3FFB69A0 0x400D5984:0x3FFB69D0 0x400893E5:0x3FFB6A00

[0;32mI (12402) EXAMPLE: Temperature: 1.0
[0m
[0;31mE (15352) task_wdt: Task watchdog got triggered. The following tasks/users did not reset the watchdog in time:[0m
[0;31mE (15352) task_wdt:  - IDLE (CPU 0)[0m
[0;31mE (15352) task_wdt: Tasks currently running:[0m
[0;31mE (15352) task_wdt: CPU 0: mainTask[0m
[0;31mE (15352) task_wdt: CPU 1: IDLE[0m
[0;31mE (15352) task_wdt: Print CPU 0 (current core) backtrace[0m


Backtrace: 0x400D73AB:0x3FFB0D70 0x400D7532:0x3FFB0D90 0x40082DC9:0x3FFB0DB0 0x40084EE5:0x3FFB6960 0x4008893E:0x3FFB6980 0x400D595B:0x3FFB69A0 0x400D5984:0x3FFB69D0 0x400893E5:0x3FFB6A00

[0;32mI (15402) EXAMPLE: Temperature: 1.0
[0m
[0;32mI (18402) EXAMPLE: Temperature: 1.0
[0m
[0;31mE (20352) task_wdt: Task watchdog got triggered. The following tasks/users did not reset the watchdog in time:[0m
[0;31mE (20352) task_wdt:  - IDLE (CPU 0)[0m
[0;31mE (20352) task_wdt: Tasks currently running:[0m
[0;31mE (20352) task_wdt: CPU 0: mainTask[0m
[0;31mE (20352) task_wdt: CPU 1: IDLE[0m
[0;31mE (20352) task_wdt: Print CPU 0 (current core) backtrace[0m


Backtrace: 0x400D73AB:0x3FFB0D70 0x400D7532:0x3FFB0D90 0x40082DC9:0x3FFB0DB0 0x40084EE5:0x3FFB6960 0x4008893E:0x3FFB6980 0x400D595B:0x3FFB69A0 0x400D5984:0x3FFB69D0 0x400893E5:0x3FFB6A00

[0;32mI (21402) EXAMPLE: Temperature: 1.0
[0m
[0;32mI (24402) EXAMPLE: Temperature: 1.0
[0m
[0;31mE (25352) task_wdt: Task watchdog got triggered. The following tasks/users did not reset the watchdog in time:[0m
[0;31mE (25352) task_wdt:  - IDLE (CPU 0)[0m
[0;31mE (25352) task_wdt: Tasks currently running:[0m
[0;31mE (25352) task_wdt: CPU 0: mainTask[0m
[0;31mE (25352) task_wdt: CPU 1: IDLE[0m
[0;31mE (25352) task_wdt: Print CPU 0 (current core) backtrace[0m


Backtrace: 0x400D73AB:0x3FFB0D70 0x400D7532:0x3FFB0D90 0x40082DC9:0x3FFB0DB0 0x4000BFED:0x3FFB6910 0x400896CB:0x3FFB6920 0x40084EBE:0x3FFB6940 0x40084EE5:0x3FFB6960 0x4008893E:0x3FFB6980 0x400D595B:0x3FFB69A0 0x400D5984:0x3FFB69D0 0x400893E5:0x3FFB6A00

[0;32mI (27402) EXAMPLE: Temperature: 1.0
[0m
[0;31mE (30352) task_wdt: Task watchdog got triggered. The following tasks/users did not reset the watchdog in time:[0m
[0;31mE (30352) task_wdt:  - IDLE (CPU 0)[0m
[0;31mE (30352) task_wdt: Tasks currently running:[0m
[0;31mE (30352) task_wdt: CPU 0: mainTask[0m
[0;31mE (30352) task_wdt: CPU 1: IDLE[0m
[0;31mE (30352) task_wdt: Print CPU 0 (current core) backtrace[0m


Backtrace: 0x400D73AB:0x3FFB0D70 0x400D7532:0x3FFB0D90 0x40082DC9:0x3FFB0DB0 0x40084EE5:0x3FFB6960 0x4008893E:0x3FFB6980 0x400D595B:0x3FFB69A0 0x400D5984:0x3FFB69D0 0x400893E5:0x3FFB6A00

[0;32mI (30402) EXAMPLE: Temperature: 1.0
[0m
[0;32mI (33402) EXAMPLE: Temperature: 1.0
[0m
[0;31mE (35352) task_wdt: Task watchdog got triggered. The following tasks/users did not reset the watchdog in time:[0m
[0;31mE (35352) task_wdt:  - IDLE (CPU 0)[0m
[0;31mE (35352) task_wdt: Tasks currently running:[0m
[0;31mE (35352) task_wdt: CPU 0: mainTask[0m
[0;31mE (35352) task_wdt: CPU 1: IDLE[0m
[0;31mE (35352) task_wdt: Print CPU 0 (current core) backtrace[0m


Backtrace: 0x400D73AB:0x3FFB0D70 0x400D7532:0x3FFB0D90 0x40082DC9:0x3FFB0DB0 0x40084EE5:0x3FFB6960 0x4008893E:0x3FFB6980 0x400D595B:0x3FFB69A0 0x400D5984:0x3FFB69D0 0x400893E5:0x3FFB6A00

[0;32mI (36402) EXAMPLE: Temperature: 1.0
[0m
[0;32mI (39402) EXAMPLE: Temperature: 1.0
[0m
[0;31mE (40352) task_wdt: Task watchdog got triggered. The following tasks/users did not reset the watchdog in time:[0m
[0;31mE (40352) task_wdt:  - IDLE (CPU 0)[0m
[0;31mE (40352) task_wdt: Tasks currently running:[0m
[0;31mE (40352) task_wdt: CPU 0: mainTask[0m
[0;31mE (40352) task_wdt: CPU 1: IDLE[0m
[0;31mE (40352) task_wdt: Print CPU 0 (current core) backtrace[0m


Backtrace: 0x400D73AB:0x3FFB0D70 0x400D7532:0x3FFB0D90 0x40082DC9:0x3FFB0DB0 0x40084EE5:0x3FFB6960 0x4008893E:0x3FFB6980 0x400D595B:0x3FFB69A0 0x400D5984:0x3FFB69D0 0x400893E5:0x3FFB6A00

[0