ets Jul 29 2019 12:21:46

rst:0x1 (POWERON_RESET),boot:0x13 (SPI_FAST_FLASH_BOOT)
configsip: 0, SPIWP:0xee
clk_drv:0x00,q_drv:0x00,d_drv:0x00,cs0_drv:0x00,hd_drv:0x00,wp_drv:0x00
mode:DIO, clock div:2
load:0x3fff0030,len:7084
ho 0 tail 12 room 4
load:0x40078000,len:15584
load:0x40080400,len:4
load:0x40080404,len:3876
entry 0x4008064c
[0;32mI (31) boot: ESP-IDF v5.1.1-dirty 2nd stage bootloader[0m
[0;32mI (31) boot: compile time Jan  6 2024 13:01:37[0m
[0;32mI (31) boot: Multicore bootloader[0m
[0;32mI (36) boot: chip revision: v3.0[0m
[0;32mI (40) boot.esp32: SPI Speed      : 40MHz[0m
[0;32mI (44) boot.esp32: SPI Mode       : DIO[0m
[0;32mI (49) boot.esp32: SPI Flash Size : 2MB[0m
[0;32mI (53) boot: Enabling RNG early entropy source...[0m
[0;32mI (59) boot: Partition Table:[0m
[0;32mI (62) boot: ## Label            Usage          Type ST Offset   Length[0m
[0;32mI (70) boot:  0 nvs              WiFi data        01 02 00009000 00006000[0m
[0;32mI (77) boot:  1 phy_init         RF data          01 01 0000f000 00001000[0m
[0;32mI (85) boot:  2 factory          factory app      00 00 00010000 00100000[0m
[0;32mI (92) boot: End of partition table[0m
[0;32mI (96) esp_image: segment 0: paddr=00010020 vaddr=3f400020 size=08c4ch ( 35916) map[0m
[0;32mI (118) esp_image: segment 1: paddr=00018c74 vaddr=3ffb0000 size=02150h (  8528) load[0m
[0;32mI (121) esp_image: segment 2: paddr=0001adcc vaddr=40080000 size=0524ch ( 21068) load[0m
[0;32mI (133) esp_image: segment 3: paddr=00020020 vaddr=400d0020 size=0f900h ( 63744) map[0m
[0;32mI (156) esp_image: segment 4: paddr=0002f928 vaddr=4008524c size=06dach ( 28076) load[0m
[0;32mI (174) boot: Loaded app from partition at offset 0x10000[0m
[0;32mI (174) boot: Disabling RNG early entropy source...[0m
[0;32mI (185) cpu_start: Multicore app[0m
[0;32mI (186) cpu_start: Pro cpu up.[0m
[0;32mI (186) cpu_start: Starting app cpu, entry point is 0x400810e8[0m
[0;32mI (0) cpu_start: App cpu up.[0m
[0;32mI (204) cpu_start: Pro cpu start user code[0m
[0;32mI (204) cpu_start: cpu freq: 160000000 Hz[0m
[0;32mI (204) cpu_start: Application information:[0m
[0;32mI (209) cpu_start: Project name:     ds18b20_test[0m
[0;32mI (214) cpu_start: App version:      bf3cdc1-dirty[0m
[0;32mI (219) cpu_start: Compile time:     Jan  8 2024 11:28:13[0m
[0;32mI (226) cpu_start: ELF file SHA256:  101dc8fe9b5e1b1c...[0m
[0;32mI (232) cpu_start: ESP-IDF:          v5.1.1-dirty[0m
[0;32mI (237) cpu_start: Min chip rev:     v0.0[0m
[0;32mI (242) cpu_start: Max chip rev:     v3.99 [0m
[0;32mI (246) cpu_start: Chip rev:         v3.0[0m
[0;32mI (251) heap_init: Initializing. RAM available for dynamic allocation:[0m
[0;32mI (259) heap_init: At 3FFAE6E0 len 00001920 (6 KiB): DRAM[0m
[0;32mI (264) heap_init: At 3FFB29D8 len 0002D628 (181 KiB): DRAM[0m
[0;32mI (271) heap_init: At 3FFE0440 len 00003AE0 (14 KiB): D/IRAM[0m
[0;32mI (277) heap_init: At 3FFE4350 len 0001BCB0 (111 KiB): D/IRAM[0m
[0;32mI (284) heap_init: At 4008C000 len 00014000 (80 KiB): IRAM[0m
[0;32mI (291) spi_flash: detected chip: generic[0m
[0;32mI (294) spi_flash: flash io: dio[0m
[0;33mW (298) spi_flash: Detected size(4096k) larger than the size in the binary image header(2048k). Using the size in the binary image header.[0m
[0;32mI (312) app_start: Starting scheduler on CPU0[0m
[0;32mI (316) app_start: Starting scheduler on CPU1[0m
[0;32mI (316) main_task: Started on CPU0[0m
[0;32mI (326) main_task: Calling app_main()[0m
[0;32mI (326) RTC: Current time: 1970-01-01 00:00:00[0m
[0;32mI (1326) RTC: Current time: 1970-01-01 00:00:01[0m
[0;32mI (2326) RTC: Current time: 1970-01-01 00:00:02[0m
[0;32mI (3326) RTC: Current time: 1970-01-01 00:00:03[0m
[0;32mI (4326) RTC: Current time: 1970-01-01 00:00:04[0m
[0;32mI (5326) RTC: Current time: 1970-01-01 00:00:05[0m
[0;32mI (6326) RTC: Current time: 1970-01-01 00:00:06[0m
[0;32mI (7326) RTC: Current time: 1970-01-01 00:00:07[0m
[0;32mI (8326) RTC: Current time: 1970-01-01 00:00:08[0m
[0;32mI (9326) RTC: Current time: 1970-01-01 00:00:09[0m
[0;32mI (10326) RTC: Current time: 1970-01-01 00:00:10[0m
[0;32mI (11326) RTC: Current time: 1970-01-01 00:00:11[0m
[0;32mI (12326) RTC: Current time: 1970-01-01 00:00:12[0m
[0;32mI (13326) RTC: Current time: 1970-01-01 00:00:13[0m
[0;32mI (14326) RTC: Current time: 1970-01-01 00:00:14[0m
[0;32mI (15326) RTC: Current time: 1970-01-01 00:00:15[0m
[0;32mI (16326) RTC: Current time: 1970-01-01 00:00:16[0m
[0;32mI (17326) RTC: Current time: 1970-01-01 00:00:17[0m
[0;32mI (18326) RTC: Current time: 1970-01-01 00:00:18[0m
[0;32mI (19326) RTC: Current time: 1970-01-01 00:00:19[0m
[0;32mI (20326) RTC: Current time: 1970-01-01 00:00:20[0m
[0;32mI (21326) RTC: Current time: 1970-01-01 00:00:21[0m
[0;32mI (22326) RTC: Current time: 1970-01-01 00:00:22[0m
[0;32mI (23326) RTC: Current time: 1970-01-01 00:00:23[0m
[0;32mI (24326) RTC: Current time: 1970-01-01 00:00:24[0m
ets Jul 29 2019 12:21:46

rst:0x1 (POWERON_RESET),boot:0x13 (SPI_FAST_FLASH_BOOT)
configsip: 0, SPIWP:0xee
clk_drv:0x00,q_drv:0x00,d_drv:0x00,cs0_drv:0x00,hd_drv:0x00,wp_drv:0x00
mode:DIO, clock div:2
load:0x3fff0030,len:7084
ho 0 tail 12 room 4
load:0x40078000,len:15584
load:0x40080400,len:4
load:0x40080404,len:3876
entry 0x4008064c
[0;32mI (31) boot: ESP-IDF v5.1.1-dirty 2nd stage bootloader[0m
[0;32mI (31) boot: compile time Jan  6 2024 13:01:37[0m
[0;32mI (31) boot: Multicore bootloader[0m
[0;32mI (36) boot: chip revision: v3.0[0m
[0;32mI (40) boot.esp32: SPI Speed      : 40MHz[0m
[0;32mI (44) boot.esp32: SPI Mode       : DIO[0m
[0;32mI (49) boot.esp32: SPI Flash Size : 2MB[0m
[0;32mI (53) boot: Enabling RNG early entropy source...[0m
[0;32mI (59) boot: Partition Table:[0m
[0;32mI (62) boot: ## Label            Usage          Type ST Offset   Length[0m
[0;32mI (70) boot:  0 nvs              WiFi data        01 02 00009000 00006000[0m
[0;32mI (77) boot:  1 phy_init         RF data          01 01 0000f000 00001000[0m
[0;32mI (85) boot:  2 factory          factory app      00 00 00010000 00100000[0m
[0;32mI (92) boot: End of partition table[0m
[0;32mI (96) esp_image: segment 0: paddr=00010020 vaddr=3f400020 size=08c4ch ( 35916) map[0m
[0;32mI (118) esp_image: segment 1: paddr=00018c74 vaddr=3ffb0000 size=02150h (  8528) load[0m
[0;32mI (121) esp_image: segment 2: paddr=0001adcc vaddr=40080000 size=0524ch ( 21068) load[0m
[0;32mI (133) esp_image: segment 3: paddr=00020020 vaddr=400d0020 size=0f900h ( 63744) map[0m
[0;32mI (156) esp_image: segment 4: paddr=0002f928 vaddr=4008524c size=06dach ( 28076) load[0m
[0;32mI (174) boot: Loaded app from partition at offset 0x10000[0m
[0;32mI (174) boot: Disabling RNG early entropy source...[0m
[0;32mI (185) cpu_start: Multicore app[0m
[0;32mI (186) cpu_start: Pro cpu up.[0m
[0;32mI (186) cpu_start: Starting app cpu, entry point is 0x400810e8[0m
[0;32mI (0) cpu_start: App cpu up.[0m
[0;32mI (204) cpu_start: Pro cpu start user code[0m
[0;32mI (204) cpu_start: cpu freq: 160000000 Hz[0m
[0;32mI (204) cpu_start: Application information:[0m
[0;32mI (209) cpu_start: Project name:     ds18b20_test[0m
[0;32mI (214) cpu_start: App version:      bf3cdc1-dirty[0m
[0;32mI (219) cpu_start: Compile time:     Jan  8 2024 11:28:13[0m
[0;32mI (226) cpu_start: ELF file SHA256:  101dc8fe9b5e1b1c...[0m
[0;32mI (232) cpu_start: ESP-IDF:          v5.1.1-dirty[0m
[0;32mI (237) cpu_start: Min chip rev:     v0.0[0m
[0;32mI (242) cpu_start: Max chip rev:     v3.99 [0m
[0;32mI (246) cpu_start: Chip rev:         v3.0[0m
[0;32mI (251) heap_init: Initializing. RAM available for dynamic allocation:[0m
[0;32mI (259) heap_init: At 3FFAE6E0 len 00001920 (6 KiB): DRAM[0m
[0;32mI (264) heap_init: At 3FFB29D8 len 0002D628 (181 KiB): DRAM[0m
[0;32mI (271) heap_init: At 3FFE0440 len 00003AE0 (14 KiB): D/IRAM[0m
[0;32mI (277) heap_init: At 3FFE4350 len 0001BCB0 (111 KiB): D/IRAM[0m
[0;32mI (284) heap_init: At 4008C000 len 00014000 (80 KiB): IRAM[0m
[0;32mI (291) spi_flash: detected chip: generic[0m
[0;32mI (294) spi_flash: flash io: dio[0m
[0;33mW (298) spi_flash: Detected size(4096k) larger than the size in the binary image header(2048k). Using the size in the binary image header.[0m
[0;32mI (312) app_start: Starting scheduler on CPU0[0m
[0;32mI (316) app_start: Starting scheduler on CPU1[0m
[0;32mI (316) main_task: Started on CPU0[0m
[0;32mI (326) main_task: Calling app_main()[0m
[0;32mI (326) RTC: Current time: 1970-01-01 00:00:00[0m
[0;32mI (1326) RTC: Current time: 1970-01-01 00:00:01[0m
[0;32mI (2326) RTC: Current time: 1970-01-01 00:00:02[0m
[0;32mI (3326) RTC: Current time: 1970-01-01 00:00:03[0m
[0;32mI (4326) RTC: Current time: 1970-01-01 00:00:04[0m
[0;32mI (5326) RTC: Current time: 1970-01-01 00:00:05[0m
[0;32mI (6326) RTC: Current time: 1970-01-01 00:00:06[0m
[0;32mI (7326) RTC: Current time: 1970-01-01 00:00:07[0m
[0;32mI (8326) RTC: Current time: 1970-01-01 00:00:08[0m
[0;32mI (9326) RTC: Current time: 1970-01-01 00:00:09[0m
[0;32mI (10326) RTC: Current time: 1970-01-01 00:00:10[0m
[0;32mI (11326) RTC: Current time: 1970-01-01 00:00:11[0m
[0;32mI (12326) RTC: Current time: 1970-01-01 00:00:12[0m
[0;32mI (13326) RTC: Current time: 1970-01-01 00:00:13[0m
[0;32mI (14326) RTC: Current time: 1970-01-01 00:00:14[0m
[0;32mI (15326) RTC: Current time: 1970-01-01 00:00:15[0m
[0;32mI (16326) RTC: Current time: 1970-01-01 00:00:16[0m
[0;32mI (17326) RTC: Current time: 1970-01-01 00:00:17[0m
[0;32mI (18326) RTC: Current time: 1970-01-01 00:00:18[0m
[0;32mI (19326) RTC: Current time: 1970-01-01 00:00:19[0m
[0;32mI (20326) RTC: Current time: 1970-01-01 00:00:20[0m
[0;32mI (21326) RTC: Current time: 1970-01-01 00:00:21[0m
[0;32mI (22326) RTC: Current time: 1970-01-01 00:00:22[0m
[0;32mI (23326) RTC: Current time: 1970-01-01 00:00:23[0m
[0;32mI (24326) RTC: Current time: 1970-01-01 00:00:24[0m
[0;32mI (25326) RTC: Current time: 1970-01-01 00:00:25[0m
[0;32mI (26326) RTC: Current time: 1970-01-01 00:00:26[0m
[0;32mI (27326) RTC: Current time: 1970-01-01 00:00:27[0m
[0;32mI (28326) RTC: Current time: 1970-01-01 00:00:28[0m
[0;32mI (29326) RTC: Current time: 1970-01-01 00:00:29[0m
[0;32mI (30326) RTC: Current time: 1970-01-01 00:00:30[0m
[0;32mI (31326) RTC: Current time: 1970-01-01 00:00:31[0m
[0;32mI (32326) RTC: Current time: 1970-01-01 00:00:32[0m
[0;32mI (33326) RTC: Current time: 1970-01-01 00:00:33[0m
[0;32mI (34326) RTC: Current time: 1970-01-01 00:00:34[0m
[0;32mI (35326) RTC: Current time: 1970-01-01 00:00:35[0m
[0;32mI (36326) RTC: Current time: 1970-01-01 00:00:36[0m
[0;32mI (37326) RTC: Current time: 1970-01-01 00:00:37[0m
[0;32mI (38326) RTC: Current time: 1970-01-01 00:00:38[0m
[0;32mI (39326) RTC: Current time: 1970-01-01 00:00:39[0m
[0;32mI (40326) RTC: Current time: 1970-01-01 00:00:40[0m
[0;32mI (41326) RTC: Current time: 1970-01-01 00:00:41[0m
[0;32mI (42326) RTC: Current time: 1970-01-01 00:00:42[0m
[0;32mI (43326) RTC: Current time: 1970-01-01 00:00:43[0m
[0;32mI (44326) RTC: Current time: 1970-01-01 00:00:44[0m
[0;32mI (45326) RTC: Current time: 1970-01-01 00:00:45[0m
[0;32mI (46326) RTC: Current time: 1970-01-01 00:00:46[0m
[0;32mI (47326) RTC: Current time: 1970-01-01 00:00:47[0m
[0;32mI (48326) RTC: Current time: 1970-01-01 00:00:48[0m
[0;32mI (49326) RTC: Current time: 1970-01-01 00:00:49[0m
[0;32mI (50326) RTC: Current time: 1970-01-01 00:00:50[0m
[0;32mI (51326) RTC: Current time: 1970-01-01 00:00:51[0m
[0;32mI (52326) RTC: Current time: 1970-01-01 00:00:52[0m
[0;32mI (53326) RTC: Current time: 1970-01-01 00:00:53[0m
[0;32mI (54326) RTC: Current time: 1970-01-01 00:00:54[0m
[0;32mI (55326) RTC: Current time: 1970-01-01 00:00:55[0m
[0;32mI (56326) RTC: Current time: 1970-01-01 00:00:56[0m
[0;32mI (57326) RTC: Current time: 1970-01-01 00:00:57[0m
[0;32mI (58326) RTC: Current time: 1970-01-01 00:00:58[0m
[0;32mI (59326) RTC: Current time: 1970-01-01 00:00:59[0m
[0;32mI (60326) RTC: Current time: 1970-01-01 00:01:00[0m
[0;32mI (61326) RTC: Current time: 1970-01-01 00:01:01[0m
[0;32mI (62326) RTC: Current time: 1970-01-01 00:01:02[0m
[0;32mI (63326) RTC: Current time: 1970-01-01 00:01:03[0m
[0;32mI (64326) RTC: Current time: 1970-01-01 00:01:04[0m
[0;32mI (65326) RTC: Current time: 1970-01-01 00:01:05[0m
[0;32mI (66326) RTC: Current time: 1970-01-01 00:01:06[0m
[0;32mI (67326) RTC: Current time: 1970-01-01 00:01:07[0m
[0;32mI (68326) RTC: Current time: 1970-01-01 00:01:08[0m
[0;32mI (69326) RTC: Current time: 1970-01-01 00:01:09[0m
[0;32mI (70326) RTC: Current time: 1970-01-01 00:01:10[0m
[0;32mI (71326) RTC: Current time: 1970-01-01 00:01:11[0m
[0;32mI (72326) RTC: Current time: 1970-01-01 00:01:12[0m
[0;32mI (73326) RTC: Current time: 1970-01-01 00:01:13[0m
[0;32mI (74326) RTC: Current time: 1970-01-01 00:01:14[0m
[0;32mI (75326) RTC: Current time: 1970-01-01 00:01:15[0m
[0;32mI (76326) RTC: Current time: 1970-01-01 00:01:16[0m
[0;32mI (77326) RTC: Current time: 1970-01-01 00:01:17[0m
[0;32mI (78326) RTC: Current time: 1970-01-01 00:01:18[0m
[0;32mI (79326) RTC: Current time: 1970-01-01 00:01:19[0m
[0;32mI (80326) RTC: Current time: 1970-01-01 00:01:20[0m
[0;32mI (81326) RTC: Current time: 1970-01-01 00:01:21[0m
[0;32mI (82326) RTC: Current time: 1970-01-01 00:01:22[0m
[0;32mI (83326) RTC: Current time: 1970-01-01 00:01:23[0m
[0;32mI (84326) RTC: Current time: 1970-01-01 00:01:24[0m
[0;32mI (85326) RTC: Current time: 1970-01-01 00:01:25[0m
[0;32mI (86326) RTC: Current time: 1970-01-01 00:01:26[0m
[0;32mI (87326) RTC: Current time: 1970-01-01 00:01:27[0m
[0;32mI (88326) RTC: Current time: 1970-01-01 00:01:28[0m
[0;32mI (89326) RTC: Current time: 1970-01-01 00:01:29[0m
[0;32mI (90326) RTC: Current time: 1970-01-01 00:01:30[0m
[0;32mI (91326) RTC: Current time: 1970-01-01 00:01:31[0m
[0;32mI (92326) RTC: Current time: 1970-01-01 00:01:32[0m
[0;32mI (93326) RTC: Current time: 1970-01-01 00:01:33[0m
[0;32mI (94326) RTC: Current time: 1970-01-01 00:01:34[0m
[0;32mI (95326) RTC: Current time: 1970-01-01 00:01:35[0m
[0;32mI (96326) RTC: Current time: 1970-01-01 00:01:36[0m
[0;32mI (97326) RTC: Current time: 1970-01-01 00:01:37[0m
[0;32mI (98326) RTC: Current time: 1970-01-01 00:01:38[0m
[0;32mI (99326) RTC: Current time: 1970-01-01 00:01:39[0m
[0;32mI (100326) RTC: Current time: 1970-01-01 00:01:40[0m
[0;32mI (101326) RTC: Current time: 1970-01-01 00:01:41[0m
[0;32mI (102326) RTC: Current time: 1970-01-01 00:01:42[0m
[0;32mI (103326) RTC: Current time: 1970-01-01 00:01:43[0m
[0;32mI (104326) RTC: Current time: 1970-01-01 00:01:44[0m
[0;32mI (105326) RTC: Current time: 1970-01-01 00:01:45[0m
[0;32mI (106326) RTC: Current time: 1970-01-01 00:01:46[0m
[0;32mI (107326) RTC: Current time: 1970-01-01 00:01:47[0m
[0;32mI (108326) RTC: Current time: 1970-01-01 00:01:48[0m
[0;32mI (109326) RTC: Current time: 1970-01-01 00:01:49[0m
[0;32mI (110326) RTC: Current time: 1970-01-01 00:01:50[0m
[0;32mI (111326) RTC: Current time: 1970-01-01 00:01:51[0m
[0;32mI (112326) RTC: Current time: 1970-01-01 00:01:52[0m
[0;32mI (113326) RTC: Current time: 1970-01-01 00:01:53[0m
[0;32mI (114326) RTC: Current time: 1970-01-01 00:01:54[0m
[0;32mI (115326) RTC: Current time: 1970-01-01 00:01:55[0m
[0;32mI (116326) RTC: Current time: 1970-01-01 00:01:56[0m
[0;32mI (117326) RTC: Current time: 1970-01-01 00:01:57[0m
[0;32mI (118326) RTC: Current time: 1970-01-01 00:01:58[0m
[0;32mI (119326) RTC: Current time: 1970-01-01 00:01:59[0m
[0;32mI (120326) RTC: Current time: 1970-01-01 00:02:00[0m
[0;32mI (121326) RTC: Current time: 1970-01-01 00:02:01[0m
[0;32mI (122326) RTC: Current time: 1970-01-01 00:02:02[0m
[0;32mI (123326) RTC: Current time: 1970-01-01 00:02:03[0m
[0;32mI (124326) RTC: Current time: 1970-01-01 00:02:04[0m
[0;32mI (125326) RTC: Current time: 1970-01-01 00:02:05[0m
[0;32mI (126326) RTC: Current time: 1970-01-01 00:02:06[0m
[0;32mI (127326) RTC: Current time: 1970-01-01 00:02:07[0m
[0;32mI (128326) RTC: Current time: 1970-01-01 00:02:08[0m
[0;32mI (129326) RTC: Current time: 1970-01-01 00:02:09[0m
[0;32mI (130326) RTC: Current time: 1970-01-01 00:02:10[0m
[0;32mI (131326) RTC: Current time: 1970-01-01 00:02:11[0m
[0;32mI (132326) RTC: Current time: 1970-01-01 00:02:12[0m
[0;32mI (133326) RTC: Current time: 1970-01-01 00:02:13[0m
[0;32mI (134326) RTC: Current time: 1970-01-01 00:02:14[0m
[0;32mI (135326) RTC: Current time: 1970-01-01 00:02:15[0m
[0;32mI (136326) RTC: Current time: 1970-01-01 00:02:16[0m
[0;32mI (137326) RTC: Current time: 1970-01-01 00:02:17[0m
[0;32mI (138326) RTC: Current time: 1970-01-01 00:02:18[0m
[0;32mI (139326) RTC: Current time: 1970-01-01 00:02:19[0m
[0;32mI (140326) RTC: Current time: 1970-01-01 00:02:20[0m
[0;32mI (141326) RTC: Current time: 1970-01-01 00:02:21[0m
[0;32mI (142326) RTC: Current time: 1970-01-01 00:02:22[0m
[0;32mI (143326) RTC: Current time: 1970-01-01 00:02:23[0m
[0;32mI (144326) RTC: Current time: 1970-01-01 00:02:24[0m
[0;32mI (145326) RTC: Current time: 1970-01-01 00:02:25[0m
ets Jul 29 2019 12:21:46

rst:0x1 (POWERON_RESET),booï¿½ets Jul 29 2019 12:21:46

rst:ï¿½ets Jul 29 2019 12:21:46

rst:0x1 (POWERON_RESET),boot:0x13 (SPI_FAST_FLASH_BOOT)
configsip: 0, SPIWP:0xee
clk_drv:0x00,q_drv:0x00,d_drv:0x00,cs0_drv:0x00,hd_drv:0x00,wp_drv:0x00
mode:DIO, clock div:2
load:0x3fff0030,len:7084
ho 0 tail 12 room 4
load:0x40078000,len:15584
load:0x40080400,len:4
load:0x40080404,len:3876
entry 0x4008064c
[0;32mI (31) boot: ESP-IDF v5.1.1-dirty 2nd stage bootloader[0m
[0;32mI (31) boot: compile time Jan  6 2024 13:01:37[0m
[0;32mI (31) boot: Multicore bootloader[0m
[0;32mI (36) boot: chip revision: v3.0[0m
[0;32mI (40) boot.esp32: SPI Speed      : 40MHz[0m
[0;32mI (44) boot.esp32: SPI Mode       : DIO[0m
[0;32mI (49) boot.esp32: SPI Flash Size : 2MB[0m
[0;32mI (53) boot: Enabling RNG early entropy source...[0m
[0;32mI (59) boot: Partition Table:[0m
[0;32mI (62) boot: ## Label            Usage          Type ST Offset   Length[0m
[0;32mI (70) boot:  0 nvs              WiFi data        01 02 00009000 00006000[0m
[0;32mI (77) boot:  1 phy_init         RF data          01 01 0000f000 00001000[0m
[0;32mI (85) boot:  2 factory          factory app      00 00 00010000 00100000[0m
[0;32mI (92) boot: End of partition table[0m
[0;32mI (96) esp_image: segment 0: paddr=00010020 vaddr=3f400020 size=08c4ch ( 35916) map[0m
[0;32mI (118) esp_image: segment 1: paddr=00018c74 vaddr=3ffb0000 size=02150h (  8528) load[0m
[0;32mI (121) esp_image: segment 2: paddr=0001adcc vaddr=40080000 size=0524ch ( 21068) load[0m
[0;32mI (133) esp_image: segment 3: paddr=00020020 vaddr=400d0020 size=0f900h ( 63744) map[0m
[0;32mI (156) esp_image: segment 4: paddr=0002f928 vaddr=4008524c size=06dach ( 28076) load[0m
[0;32mI (174) boot: Loaded app from partition at offset 0x10000[0m
[0;32mI (174) boot: Disabling RNG early entropy source...[0m
[0;32mI (185) cpu_start: Multicore app[0m
[0;32mI (186) cpu_start: Pro cpu up.[0m
[0;32mI (186) cpu_start: Starting app cpu, entry point is 0x400810e8[0m
[0;32mI (0) cpu_start: App cpu up.[0m
[0;32mI (204) cpu_start: Pro cpu start user code[0m
[0;32mI (204) cpu_start: cpu freq: 160000000 Hz[0m
[0;32mI (204) cpu_start: Application information:[0m
[0;32mI (209) cpu_start: Project name:     ds18b20_test[0m
[0;32mI (214) cpu_start: App version:      bf3cdc1-dirty[0m
[0;32mI (219) cpu_start: Compile time:     Jan  8 2024 11:28:13[0m
[0;32mI (226) cpu_start: ELF file SHA256:  101dc8fe9b5e1b1c...[0m
[0;32mI (232) cpu_start: ESP-IDF:          v5.1.1-dirty[0m
[0;32mI (237) cpu_start: Min chip rev:     v0.0[0m
[0;32mI (242) cpu_start: Max chip rev:     v3.99 [0m
[0;32mI (246) cpu_start: Chip rev:         v3.0[0m
[0;32mI (251) heap_init: Initializing. RAM available for dynamic allocation:[0m
[0;32mI (259) heap_init: At 3FFAE6E0 len 00001920 (6 KiB): DRAM[0m
[0;32mI (264) heap_init: At 3FFB29D8 len 0002D628 (181 KiB): DRAM[0m
[0;32mI (271) heap_init: At 3FFE0440 len 00003AE0 (14 KiB): D/IRAM[0m
[0;32mI (277) heap_init: At 3FFE4350 len 0001BCB0 (111 KiB): D/IRAM[0m
[0;32mI (284) heap_init: At 4008C000 len 00014000 (80 KiB): IRAM[0m
[0;32mI (291) spi_flash: detected chip: generic[0m
[0;32mI (294) spi_flash: flash io: dio[0m
[0;33mW (298) spi_flash: Detected size(4096k) larger than the size in the binary image header(2048k). Using the size in the binary image header.[0m
[0;32mI (312) app_start: Starting scheduler on CPU0[0m
[0;32mI (316) app_start: Starting scheduler on CPU1[0m
[0;32mI (316) main_task: Started on CPU0[0m
[0;32mI (326) main_task: Calling app_main()[0m
[0;32mI (326) RTC: Current time: 1970-01-01 00:00:00[0m
[0;32mI (1326) RTC: Current time: 1970-01-01 00:00:01[0m
[0;32mI (2326) RTC: Current time: 1970-01-01 00:00:02[0m
