I (486) cpu_start: Multicore app�ets Jul 29 2019 12:21:46

rst:0x1 (POWERON_RESET),boot:0x13 (SPI_FAST_FLASH_BOOT)
configsip: 0, SPIWP:0xee
clk_drv:0x00,q_drv:0x00,d_drv:0x00,cs0_drv:0x00,hd_drv:0x00,wp_drv:0x00
mode:DIO, clock div:2
load:0x3fff0030,len:6172
ho 0 tail 12 room 4
load:0x40078000,len:15584
load:0x40080400,len:4
load:0x40080404,len:3876
entry 0x4008064c
I (31) boot: ESP-IDF v5.1.1-dirty 2nd stage bootloader
I (31) boot: compile time Dec 26 2023 17:12:17
I (31) boot: Multicore bootloader
I (33) boot: chip revision: v3.1
I (36) boot.esp32: SPI Speed      : 40MHz
I (40) boot.esp32: SPI Mode       : DIO
I (43) boot.esp32: SPI Flash Size : 2MB
I (47) boot: Enabling RNG early entropy source...
I (51) boot: Partition Table:
I (54) boot: ## Label            Usage          Type ST Offset   Length
I (60) boot:  0 nvs              WiFi data        01 02 00009000 00006000
I (67) boot:  1 phy_init         RF data          01 01 0000f000 00001000
I (73) boot:  2 factory          factory app      00 00 00010000 00100000
I (80) boot: End of partition table
I (83) esp_image: segment 0: paddr=00010020 vaddr=3f400020 size=2a310h (172816) map
I (153) esp_image: segment 1: paddr=0003a338 vaddr=3ff80000 size=00004h (     4) load
I (153) esp_image: segment 2: paddr=0003a344 vaddr=3ffbdb60 size=04e10h ( 19984) load
I (165) esp_image: segment 3: paddr=0003f15c vaddr=40080000 size=00ebch (  3772) load
I (167) esp_image: segment 4: paddr=00040020 vaddr=400d0020 size=a73b0h (684976) map
I (419) esp_image: segment 5: paddr=000e73d8 vaddr=40080ebc size=199d8h (104920) load
I (476) boot: Loaded app from partition at offset 0x10000
I (476) boot: Disabling RNG early entropy source...
I (486) cpu_start: Multicore app
I (486) cpu_start: Pro cpu up.
I (487) cpu_start: Starting app cpu, entry point is 0x40081604
I (0) cpu_start: App cpu up.
I (503) cpu_start: Pro cpu start user code
I (503) cpu_start: cpu freq: 160000000 Hz
I (503) cpu_start: Application information:
I (505) cpu_start: Project name:     server_model
I (509) cpu_start: App version:      bedab08-dirty
I (514) cpu_start: Compile time:     Dec 26 2023 17:11:40
I (519) cpu_start: ELF file SHA256:  3107814723be08ef...
I (524) cpu_start: ESP-IDF:          v5.1.1-dirty
I (528) cpu_start: Min chip rev:     v0.0
I (532) cpu_start: Max chip rev:     v3.99 
I (536) cpu_start: Chip rev:         v3.1
I (540) heap_init: Initializing. RAM available for dynamic allocation:
I (546) heap_init: At 3FFAFF10 len 000000F0 (0 KiB): DRAM
I (551) heap_init: At 3FFB6388 len 00001C78 (7 KiB): DRAM
I (556) heap_init: At 3FFB9A20 len 00004108 (16 KiB): DRAM
I (561) heap_init: At 3FFCA1A0 len 00015E60 (87 KiB): DRAM
I (566) heap_init: At 3FFE0440 len 00003AE0 (14 KiB): D/IRAM
I (572) heap_init: At 3FFE4350 len 0001BCB0 (111 KiB): D/IRAM
I (577) heap_init: At 4009A894 len 0000576C (21 KiB): IRAM
I (584) spi_flash: detected chip: generic
I (586) spi_flash: flash io: dio
W (589) spi_flash: Detected size(4096k) larger than the size in the binary image header(2048k). Using the size in the binary image header.
I (602) coexist: coex firmware version: 80b0d89
I (606) app_start: Starting scheduler on CPU0
I (610)I (610) app_start: Starting scheduler on CPU1
 main_task: Started on CPU0
I (620) main_task: Calling app_main()
I (620) MESH SERVER: Initializing...
I (700) LCD: Error no. -1 in command
I (700) LCD: Error no. -1 in command
I (700) LCD: Error no. -1 in command
I (700) LCD: Error no. -1 in command
I (700) LCD: Error no. -1 in command
I (700) LCD: Error no. -1 in command
I (710) LCD: Error no. -1 in command
I (710) LCD: Error no. -1 in command
I (710) LCD: Error no. -1 in command
I (720) MESH SERVER: I2C initialized successfully
I (750) MESH SERVER: Sensor initialized successfully
I (750) BTDM_INIT: BT controller compile version [946b762]
I (760) BTDM_INIT: Bluetooth MAC: b0:a7:32:28:b6:52
I (760) phy_init: phy_version 4670,719f9f6,Feb 18 2021,17:07:07
W (1280) BLE_MESH: bt_mesh_proxy_server_prov_disable, Already
I (1310) MESH_SERVER: ESP_BLE_MESH_NODE_PROV_COMPLETE_EVT
I (1310) MESH_SERVER: net_idx: 0x0000, addr: 0x0023
I (1310) MESH_SERVER: flags: 0x00, iv_index: 0x00000000
I (1310) MESH_SERVER: Device provisioned
I (1320) MESH_SERVER: ESP_BLE_MESH_PROV_REGISTER_COMP_EVT, err_code 0
I (1320) MESH_SERVER: ESP_BLE_MESH_NODE_SET_UNPROV_DEV_NAME_COMP_EVT, Name: BLE Mesh, err_code 0
W (1330) BLE_MESH: bt_mesh_prov_enable, Already
I (1340) MESH_SERVER: ESP_BLE_MESH_NODE_PROV_ENABLE_COMP_EVT, err_code -120
I (1340) MESH_SERVER: BLE Mesh Node initialized!
I (1350) main_task: Returned from app_main()
I (1370) LCD: Error no. -1 in command
I (1380) MESH SERVER: Periodic timer called, time since boot: 798371 us
I (2140) MESH SERVER: Temperature: 21.437500

I (2910) MESH SERVER: Temperature: 21.562500

I (3680) MESH SERVER: Temperature: 21.562500

I (4450) MESH SERVER: Temperature: 21.562500

I (4470) LCD: Error no. -1 in command
I (4490) LCD: Error no. -1 in command
I (4510) LCD: Error no. -1 in command
I (4530) LCD: Error no. -1 in command
I (4550) LCD: Error no. -1 in command
I (4570) LCD: Error no. -1 in command
I (4590) LCD: Error no. -1 in command
I (4610) LCD: Error no. -1 in command
I (4630) LCD: Error no. -1 in command
I (4650) LCD: Error no. -1 in command
I (4670) LCD: Error no. -1 in command
I (4690) LCD: Error no. -1 in command
I (4710) LCD: Error no. -1 in command
I (4730) LCD: Error no. -1 in command
I (4750) LCD: Error no. -1 in command
I (4770) LCD: Error no. -1 in command
I (4790) LCD: Error no. -1 in command
I (4810) LCD: Error no. -1 in command
I (4830) LCD: Error no. -1 in command
I (4850) LCD: Error no. -1 in command
I (4870) LCD: Error no. -1 in command
I (4890) LCD: Error no. -1 in command
I (4890) MESH SERVER: LCD display success! Average Temp: 21.5 
I (4910) MESH_SERVER: ble_mesh_custom_sensor_server_model_cb -- SEND_COMPLETE -- Send message opcode 0x00c202e5 success
I (5380) MESH SERVER: One-shot timer called, time since boot: 4798656 us
I (5380) MESH SERVER: Periodic timer called, time since boot: 10800963 us
I (6140) MESH SERVER: Temperature: 21.562500

I (6910) MESH SERVER: Temperature: 21.562500

I (7680) MESH SERVER: Temperature: 21.625000

I (8450) MESH SERVER: Temperature: 21.562500

I (8470) LCD: Error no. -1 in command
I (8490) LCD: Error no. -1 in command
I (8510) LCD: Error no. -1 in command
I (8530) LCD: Error no. -1 in command
I (8550) LCD: Error no. -1 in command
I (8570) LCD: Error no. -1 in command
I (8590) LCD: Error no. -1 in command
I (8610) LCD: Error no. -1 in command
I (8630) LCD: Error no. -1 in command
I (8650) LCD: Error no. -1 in command
I (8670) LCD: Error no. -1 in command
I (8690) LCD: Error no. -1 in command
I (8710) LCD: Error no. -1 in command
I (8730) LCD: Error no. -1 in command
I (8750) LCD: Error no. -1 in command
I (8770) LCD: Error no. -1 in command
I (8790) LCD: Error no. -1 in command
I (8810) LCD: Error no. -1 in command
I (8830) LCD: Error no. -1 in command
I (8850) LCD: Error no. -1 in command
I (8870) LCD: Error no. -1 in command
I (8890) LCD: Error no. -1 in command
I (8890) MESH SERVER: LCD display success! Average Temp: 21.6 
I (8910) MESH_SERVER: ble_mesh_custom_sensor_server_model_cb -- SEND_COMPLETE -- Send message opcode 0x00c202e5 success
I (9380) MESH SERVER: One-shot timer called, time since boot: 14801896 us
I (9380) MESH SERVER: Periodic timer called, time since boot: 20804560 us
I (10150) MESH SERVER: Temperature: 21.500000

I (10920) MESH SERVER: Temperature: 21.562500

I (11690) MESH SERVER: Temperature: 21.625000

I (12460) MESH SERVER: Temperature: 21.562500

I (12480) LCD: Error no. -1 in command
I (12500) LCD: Error no. -1 in command
I (12520) LCD: Error no. -1 in command
I (12540) LCD: Error no. -1 in command
I (12560) LCD: Error no. -1 in command
I (12580) LCD: Error no. -1 in command
I (12600) LCD: Error no. -1 in command
I (12620) LCD: Error no. -1 in command
I (12640) LCD: Error no. -1 in command
I (12660) LCD: Error no. -1 in command
I (12680) LCD: Error no. -1 in command
I (12700) LCD: Error no. -1 in command
I (12720) LCD: Error no. -1 in command
I (12740) LCD: Error no. -1 in command
I (12760) LCD: Error no. -1 in command
I (12780) LCD: Error no. -1 in command
I (12800) LCD: Error no. -1 in command
I (12820) LCD: Error no. -1 in command
I (12840) LCD: Error no. -1 in command
I (12860) LCD: Error no. -1 in command
I (12880) LCD: Error no. -1 in command
I (12900) LCD: Error no. -1 in command
I (12900) MESH SERVER: LCD display success! Average Temp: 21.6 
I (12920) MESH_SERVER: ble_mesh_custom_sensor_server_model_cb -- SEND_COMPLETE -- Send message opcode 0x00c202e5 success
I (13380) MESH SERVER: One-shot timer called, time since boot: 24805550 us
I (13390) MESH SERVER: Periodic timer called, time since boot: 30807953 us
I (14160) MESH SERVER: Temperature: 21.562500

I (14930) MESH SERVER: Temperature: 21.562500

I (15700) MESH SERVER: Temperature: 21.625000

I (16470) MESH SERVER: Temperature: 21.562500

I (16490) LCD: Error no. -1 in command
I (16510) LCD: Error no. -1 in command
I (16530) LCD: Error no. -1 in command
I (16550) LCD: Error no. -1 in command
I (16570) LCD: Error no. -1 in command
I (16590) LCD: Error no. -1 in command
I (16610) LCD: Error no. -1 in command
I (16630) LCD: Error no. -1 in command
I (16650) LCD: Error no. -1 in command
I (16670) LCD: Error no. -1 in command
I (16690) LCD: Error no. -1 in command
I (16710) LCD: Error no. -1 in command
I (16730) LCD: Error no. -1 in command
I (16750) LCD: Error no. -1 in command
I (16770) LCD: Error no. -1 in command
I (16790) LCD: Error no. -1 in command
I (16810) LCD: Error no. -1 in command
I (16830) LCD: Error no. -1 in command
I (16850) LCD: Error no. -1 in command
I (16870) LCD: Error no. -1 in command
I (16890) LCD: Error no. -1 in command
I (16910) LCD: Error no. -1 in command
I (16910) MESH SERVER: LCD display success! Average Temp: 21.6 
I (16930) MESH_SERVER: ble_mesh_custom_sensor_server_model_cb -- SEND_COMPLETE -- Send message opcode 0x00c202e5 success
I (17390) MESH SERVER: One-shot timer called, time since boot: 34808889 us
I (17390) MESH SERVER: Periodic timer called, time since boot: 40810409 us
I (18160) MESH SERVER: Temperature: 21.625000

I (18930) MESH SERVER: Temperature: 21.625000

I (19700) MESH SERVER: Temperature: 21.625000

I (20470) MESH SERVER: Temperature: 21.687500

I (20910) MESH SERVER: LCD display success! Average Temp: 21.6 
I (20930) MESH_SERVER: ble_mesh_custom_sensor_server_model_cb -- SEND_COMPLETE -- Send message opcode 0x00c202e5 success
I (21390) MESH SERVER: One-shot timer called, time since boot: 44811570 us
I (21390) MESH SERVER: Periodic timer called, time since boot: 50813927 us
I (22160) MESH SERVER: Temperature: 21.687500

I (22930) MESH SERVER: Temperature: 21.750000

I (23700) MESH SERVER: Temperature: 21.750000

I (24470) MESH SERVER: Temperature: 21.750000

I (24910) MESH SERVER: LCD display success! Average Temp: 21.7 
I (24930) MESH_SERVER: ble_mesh_custom_sensor_server_model_cb -- SEND_COMPLETE -- Send message opcode 0x00c202e5 success
I (25390) MESH SERVER: One-shot timer called, time since boot: 54814842 us
I (25400) MESH SERVER: Periodic timer called, time since boot: 60817203 us
I (26170) MESH SERVER: Temperature: 21.687500

I (26940) MESH SERVER: Temperature: 21.750000

I (27710) MESH SERVER: Temperature: 21.750000

I (28480) MESH SERVER: Temperature: 21.750000

I (28920) MESH SERVER: LCD display success! Average Temp: 21.7 
I (28940) MESH_SERVER: ble_mesh_custom_sensor_server_model_cb -- SEND_COMPLETE -- Send message opcode 0x00c202e5 success
I (29ets Jul 29 2019 12:21:46

rst:0x1 (POWERON_RESET),boot:0x13 (SPI_FAST_FLASH_BOOT)
configsip: 0, SPIWP:0xee
clk_drv:0x00,q_drv:0x00,d_drv:0x00,cs0_drv:0x00,hd_drv:0x00,wp_drv:0x00
mode:DIO, clock div:2
load:0x3fff0030,len:6172
ho 0 tail 12 room 4
load:0x40078000,len:15584
load:0x40080400,len:4
load:0x40080404,len:3876
entry 0x4008064c
I (31) boot: ESP-IDF v5.1.1-dirty 2nd stage bootloader
I (31) boot: compile time Dec 26 2023 17:12:17
I (31) boot: Multicore bootloader
I (33) boot: chip revision: v3.1
I (36) boot.esp32: SPI Speed      : 40MHz
I (40) boot.esp32: SPI Mode       : DIO
I (43) boot.esp32: SPI Flash Size : 2MB
I (47) boot: Enabling RNG early entropy source...
I (51) boot: Partition Table:
I (54) boot: ## Label            Usage          Type ST Offset   Length
I (60) boot:  0 nvs              WiFi data        01 02 00009000 00006000
I (67) boot:  1 phy_init         RF data          01 01 0000f000 00001000
I (73) boot:  2 factory          factory app      00 00 00010000 00100000
I (80) boot: End of partition table
I (83) esp_image: segment 0: paddr=00010020 vaddr=3f400020 size=2a310h (172816) map
I (153) esp_image: segment 1: paddr=0003a338 vaddr=3ff80000 size=00004h (     4) load
I (153) esp_image: segment 2: paddr=0003a344 vaddr=3ffbdb60 size=04e10h ( 19984) load
I (165) esp_image: segment 3: paddr=0003f15c vaddr=40080000 size=00ebch (  3772) load
I (167) esp_image: segment 4: paddr=00040020 vaddr=400d0020 size=a73b0h (684976) map
I (419) esp_image: segment 5: paddr=000e73d8 vaddr=40080ebc size=199d8h (104920) load
I (476) boot: Loaded app from partition at offset 0x10000
I (476) boot: Disabling RNG early entropy source...
I (486) cpu_start: Multicore app
I (486) cpu_start: Pro cpu up.
I (487) cpu_start: Starting app cpu, entry point is 0x40081604
I (0) cpu_start: App cpu up.
I (503) cpu_start: Pro cpu start user code
I (503) cpu_start: cpu freq: 160000000 Hz
I (503) cpu_start: Application information:
I (505) cpu_start: Project name:     server_model
I (509) cpu_start: App version:      bedab08-dirty
I (514) cpu_start: Compile time:     Dec 26 2023 17:11:40
I (519) cpu_start: ELF file SHA256:  3107814723be08ef...
I (524) cpu_start: ESP-IDF:          v5.1.1-dirty
I (528) cpu_start: Min chip rev:     v0.0
I (532) cpu_start: Max chip rev:     v3.99 
I (536) cpu_start: Chip rev:         v3.1
I (540) heap_init: Initializing. RAM available for dynamic allocation:
I (546) heap_init: At 3FFAFF10 len 000000F0 (0 KiB): DRAM
I (551) heap_init: At 3FFB6388 len 00001C78 (7 KiB): DRAM
I (556) heap_init: At 3FFB9A20 len 00004108 (16 KiB): DRAM
I (561) heap_init: At 3FFCA1A0 len 00015E60 (87 KiB): DRAM
I (566) heap_init: At 3FFE0440 len 00003AE0 (14 KiB): D/IRAM
I (572) heap_init: At 3FFE4350 len 0001BCB0 (111 KiB): D/IRAM
I (577) heap_init: At 4009A894 len 0000576C (21 KiB): IRAM
I (584) spi_flash: detected chip: generic
I (586) spi_flash: flash io: dio
W (589) spi_flash: Detected size(4096k) larger than the size in the binary image header(2048k). Using the size in the binary image header.
I (602) coexist: coex firmware version: 80b0d89
I (606) app_start: Starting scheduler on CPU0
I (610)I (610) app_start: Starting scheduler on CPU1
 main_task: Started on CPU0
I (620) main_task: Calling app_main()
I (620) MESH SERVER: Initializing...
I (710) MESH SERVER: I2C initialized successfully
I (750) MESH SERVER: Sensor initialized successfully
I (750) BTDM_INIT: BT controller compile version [946b762]
I (750) BTDM_INIT: Bluetooth MAC: b0:a7:32:28:b6:52
I (750) phy_init: phy_version 4670,719f9f6,Feb 18 2021,17:07:07
W (1270) BLE_MESH: bt_mesh_proxy_server_prov_disable, Already
I (1300) MESH_SERVER: ESP_BLE_MESH_NODE_PROV_COMPLETE_EVT
I (1300) MESH_SERVER: net_idx: 0x0000, addr: 0x0023
I (1310) MESH_SERVER: flags: 0x00, iv_index: 0x00000000
I (1310) MESH_SERVER: Device provisioned
I (1310) MESH_SERVER: ESP_BLE_MESH_PROV_REGISTER_COMP_EVT, err_code 0
I (1320) MESH_SERVER: ESP_BLE_MESH_NODE_SET_UNPROV_DEV_NAME_COMP_EVT, Name: BLE Mesh, err_code 0
W (1330) BLE_MESH: bt_mesh_prov_enable, Already
I (1330) MESH_SERVER: ESP_BLE_MESH_NODE_PROV_ENABLE_COMP_EVT, err_code -120
I (1340) MESH_SERVER: BLE Mesh Node initialized!
I (1340) main_task: Returned from app_main()
I (1370) MESH SERVER: Periodic timer called, time since boot: 796847 us
I (2140) MESH SERVER: Temperature: 21.687500

I (2910) MESH SERVER: Temperature: 21.750000

I (3680) MESH SERVER: Temperature: 21.750000

I (4450) MESH SERVER: Temperature: 21.750000

I (4890) MESH SERVER: LCD display success! Average Temp: 21.7 
I (4930) MESH_SERVER: ble_mesh_custom_sensor_server_model_cb -- SEND_COMPLETE -- Send message opcode 0x00c202e5 success
I (5380) MESH SERVER: One-shot timer called, time since boot: 4797718 us
I (5380) MESH SERVER: Periodic timer called, time since boot: 10800261 us
I (6150) MESH SERVER: Temperature: 21.687500

I (6920) MESH SERVER: Temperature: 21.750000

I (7690) MESH SERVER: Temperature: 21.687500

�I (626) BTDM_INIT: BT controller compile version [946b762]
I (W (1146) BLE_MESH: bt_mesh_proxy_server_prov_disable, Already
I (1176) MESH_SERVER: ESP_BLE_MESH_NODE_PROV_COMPLETE_EVT
I (1176) MESH_SERVER: net_idx: 0x0000, addr: 0x001d
I (1176) MESH_SERVER: flags: 0x00, iv_index: 0x00000000
I (1176) MESH_SERVER: Device provisioned
I (1186) MESH_SERVER: ESP_BLE_MESH_PROV_REGISTER_COMP_EVT, err_code 0
I (1186) MESH_SERVER: ESP_BLE_MESH_NODE_SET_UNPROV_DEV_NAME_COMP_EVT, Name: BLE Mesh, err_code 0
W (1196) BLE_MESH: bt_mesh_prov_enable, Already
I (1206) MESH_SERVER: ESP_BLE_MESH_NODE_PROV_ENABLE_COMP_EVT, err_code -120
I (1206) MESH_SERVER: BLE Mesh Node initialized!
I (1216) MESH SERVER: STATUS message is sending.
I (1216) main_task: Returned from app_main()
I (5236) MESH_SERVER: ble_mesh_custom_sensor_server_model_cb -- SEND_COMPLETE -- Send message opcode 0x00c202e5 success
I (9236) MESH_SERVER: ble_mesh_custom_sensor_server_model_cb -- SEND_COMPLETE -- Send message opcode 0x00c202e5 success
ializing...
I (626) BTDM_INIT: BT controller compile version [946b762]
I (626) BTDM_INIT: Bluetooth MAC: a0:a3:b3:2b:73:0e
I (636) phy_init: phy_version 4670,719f9f6,Feb 18 2021,17:07:07
W (1146) BLE_MESH: bt_mesh_proxy_server_prov_disable, Already
I (1166) MESH_SERVER: ESP_BLE_MESH_NODE_PROV_COMPLETE_EVT
I (1176) MESH_SERVER: net_idx: 0x0000, addr: 0x001f
I (1176) MESH_SERVER: flags: 0x00, iv_index: 0x00000000
I (1176) MESH_SERVER: Device provisioned
I (1176) MESH_SERVER: ESP_BLE_MESH_PROV_REGISTER_COMP_EVT, err_code 0
I (1186) MESH_SERVER: ESP_BLE_MESH_NODE_SET_UNPROV_DEV_NAME_COMP_EVT, Name: BLE Mesh, err_code 0
W (1196) BLE_MESH: bt_mesh_prov_enable, Already
I (1196) MESH_SERVER: ESP_BLE_MESH_NODE_PROV_ENABLE_COMP_EVT, err_code -120
I (1206) MESH_SERVER: BLE Mesh Node initialized!
I (1206) MESH SERVER: STATUS message is sending.
I (1216) main_task: Returned from app_main()
I (5236) MESH_SERVER: ble_mesh_custom_sensor_server_model_cb -- SEND_COMPLETE -- Send message opcode 0x00c202e5 success
